<?xml version="1.0"?>
<link_info>
   <banner>TMS320C2000 Linker PC v15.12.7.LTS</banner>
   <copyright>Copyright (c) 1996-2017 Texas Instruments Incorporated</copyright>
   <link_time>0x5cd4cabf</link_time>
   <link_errors>0x2</link_errors>
   <output_file>base_proj.out</output_file>
   <entry_point>
      <name>_c_int00</name>
      <address>0x1aaf</address>
   </entry_point>
   <input_file_list>
      <input_file id="fl-2">
         <path>.\_lib\</path>
         <kind>object</kind>
         <file>DSP2833x_ADC_cal.obj</file>
         <name>DSP2833x_ADC_cal.obj</name>
      </input_file>
      <input_file id="fl-3">
         <path>.\_lib\</path>
         <kind>object</kind>
         <file>DSP2833x_CodeStartBranch.obj</file>
         <name>DSP2833x_CodeStartBranch.obj</name>
      </input_file>
      <input_file id="fl-4">
         <path>.\_lib\</path>
         <kind>object</kind>
         <file>DSP2833x_CpuTimers.obj</file>
         <name>DSP2833x_CpuTimers.obj</name>
      </input_file>
      <input_file id="fl-5">
         <path>.\_lib\</path>
         <kind>object</kind>
         <file>DSP2833x_DefaultIsr.obj</file>
         <name>DSP2833x_DefaultIsr.obj</name>
      </input_file>
      <input_file id="fl-6">
         <path>.\_lib\</path>
         <kind>object</kind>
         <file>DSP2833x_GlobalVariableDefs.obj</file>
         <name>DSP2833x_GlobalVariableDefs.obj</name>
      </input_file>
      <input_file id="fl-7">
         <path>.\_lib\</path>
         <kind>object</kind>
         <file>DSP2833x_PieCtrl.obj</file>
         <name>DSP2833x_PieCtrl.obj</name>
      </input_file>
      <input_file id="fl-8">
         <path>.\_lib\</path>
         <kind>object</kind>
         <file>DSP2833x_PieVect.obj</file>
         <name>DSP2833x_PieVect.obj</name>
      </input_file>
      <input_file id="fl-9">
         <path>.\_lib\</path>
         <kind>object</kind>
         <file>DSP2833x_SysCtrl.obj</file>
         <name>DSP2833x_SysCtrl.obj</name>
      </input_file>
      <input_file id="fl-a">
         <path>.\_lib\</path>
         <kind>object</kind>
         <file>DSP2833x_usDelay.obj</file>
         <name>DSP2833x_usDelay.obj</name>
      </input_file>
      <input_file id="fl-b">
         <path>.\src\</path>
         <kind>object</kind>
         <file>cpu0_timer.obj</file>
         <name>cpu0_timer.obj</name>
      </input_file>
      <input_file id="fl-c">
         <path>.\src\</path>
         <kind>object</kind>
         <file>main.obj</file>
         <name>main.obj</name>
      </input_file>
      <input_file id="fl-11">
         <kind>object</kind>
         <file>&lt;internal&gt;</file>
         <name>&lt;internal&gt;</name>
      </input_file>
      <input_file id="fl-17">
         <path>C:\ti\ccsv6\tools\compiler\ti-cgt-c2000_15.12.7.LTS\lib\</path>
         <kind>archive</kind>
         <file>rts2800_fpu32.lib</file>
         <name>boot.obj</name>
      </input_file>
      <input_file id="fl-18">
         <path>C:\ti\ccsv6\tools\compiler\ti-cgt-c2000_15.12.7.LTS\lib\</path>
         <kind>archive</kind>
         <file>rts2800_fpu32.lib</file>
         <name>cpy_tbl.obj</name>
      </input_file>
      <input_file id="fl-19">
         <path>C:\ti\ccsv6\tools\compiler\ti-cgt-c2000_15.12.7.LTS\lib\</path>
         <kind>archive</kind>
         <file>rts2800_fpu32.lib</file>
         <name>cpy_utils.obj</name>
      </input_file>
      <input_file id="fl-1a">
         <path>C:\ti\ccsv6\tools\compiler\ti-cgt-c2000_15.12.7.LTS\lib\</path>
         <kind>archive</kind>
         <file>rts2800_fpu32.lib</file>
         <name>exit.obj</name>
      </input_file>
      <input_file id="fl-1b">
         <path>C:\ti\ccsv6\tools\compiler\ti-cgt-c2000_15.12.7.LTS\lib\</path>
         <kind>archive</kind>
         <file>rts2800_fpu32.lib</file>
         <name>pre_init.obj</name>
      </input_file>
      <input_file id="fl-1c">
         <path>C:\ti\ccsv6\tools\compiler\ti-cgt-c2000_15.12.7.LTS\lib\</path>
         <kind>archive</kind>
         <file>rts2800_fpu32.lib</file>
         <name>printf.obj</name>
      </input_file>
      <input_file id="fl-1d">
         <path>C:\ti\ccsv6\tools\compiler\ti-cgt-c2000_15.12.7.LTS\lib\</path>
         <kind>archive</kind>
         <file>rts2800_fpu32.lib</file>
         <name>startup.obj</name>
      </input_file>
      <input_file id="fl-1e">
         <path>C:\ti\ccsv6\tools\compiler\ti-cgt-c2000_15.12.7.LTS\lib\</path>
         <kind>archive</kind>
         <file>rts2800_fpu32.lib</file>
         <name>_lock.obj</name>
      </input_file>
      <input_file id="fl-1f">
         <path>C:\ti\ccsv6\tools\compiler\ti-cgt-c2000_15.12.7.LTS\lib\</path>
         <kind>archive</kind>
         <file>rts2800_fpu32.lib</file>
         <name>_printfi.obj</name>
      </input_file>
      <input_file id="fl-20">
         <path>C:\ti\ccsv6\tools\compiler\ti-cgt-c2000_15.12.7.LTS\lib\</path>
         <kind>archive</kind>
         <file>rts2800_fpu32.lib</file>
         <name>args_main.obj</name>
      </input_file>
      <input_file id="fl-21">
         <path>C:\ti\ccsv6\tools\compiler\ti-cgt-c2000_15.12.7.LTS\lib\</path>
         <kind>archive</kind>
         <file>rts2800_fpu32.lib</file>
         <name>atoi.obj</name>
      </input_file>
      <input_file id="fl-22">
         <path>C:\ti\ccsv6\tools\compiler\ti-cgt-c2000_15.12.7.LTS\lib\</path>
         <kind>archive</kind>
         <file>rts2800_fpu32.lib</file>
         <name>ctype.obj</name>
      </input_file>
      <input_file id="fl-23">
         <path>C:\ti\ccsv6\tools\compiler\ti-cgt-c2000_15.12.7.LTS\lib\</path>
         <kind>archive</kind>
         <file>rts2800_fpu32.lib</file>
         <name>defs.obj</name>
      </input_file>
      <input_file id="fl-24">
         <path>C:\ti\ccsv6\tools\compiler\ti-cgt-c2000_15.12.7.LTS\lib\</path>
         <kind>archive</kind>
         <file>rts2800_fpu32.lib</file>
         <name>fd_cmp.obj</name>
      </input_file>
      <input_file id="fl-25">
         <path>C:\ti\ccsv6\tools\compiler\ti-cgt-c2000_15.12.7.LTS\lib\</path>
         <kind>archive</kind>
         <file>rts2800_fpu32.lib</file>
         <name>fd_div.obj</name>
      </input_file>
      <input_file id="fl-26">
         <path>C:\ti\ccsv6\tools\compiler\ti-cgt-c2000_15.12.7.LTS\lib\</path>
         <kind>archive</kind>
         <file>rts2800_fpu32.lib</file>
         <name>fd_mpy.obj</name>
      </input_file>
      <input_file id="fl-27">
         <path>C:\ti\ccsv6\tools\compiler\ti-cgt-c2000_15.12.7.LTS\lib\</path>
         <kind>archive</kind>
         <file>rts2800_fpu32.lib</file>
         <name>fd_neg.obj</name>
      </input_file>
      <input_file id="fl-28">
         <path>C:\ti\ccsv6\tools\compiler\ti-cgt-c2000_15.12.7.LTS\lib\</path>
         <kind>archive</kind>
         <file>rts2800_fpu32.lib</file>
         <name>fd_sub.obj</name>
      </input_file>
      <input_file id="fl-29">
         <path>C:\ti\ccsv6\tools\compiler\ti-cgt-c2000_15.12.7.LTS\lib\</path>
         <kind>archive</kind>
         <file>rts2800_fpu32.lib</file>
         <name>fd_toi.obj</name>
      </input_file>
      <input_file id="fl-2a">
         <path>C:\ti\ccsv6\tools\compiler\ti-cgt-c2000_15.12.7.LTS\lib\</path>
         <kind>archive</kind>
         <file>rts2800_fpu32.lib</file>
         <name>fd_tol.obj</name>
      </input_file>
      <input_file id="fl-2b">
         <path>C:\ti\ccsv6\tools\compiler\ti-cgt-c2000_15.12.7.LTS\lib\</path>
         <kind>archive</kind>
         <file>rts2800_fpu32.lib</file>
         <name>fputc.obj</name>
      </input_file>
      <input_file id="fl-2c">
         <path>C:\ti\ccsv6\tools\compiler\ti-cgt-c2000_15.12.7.LTS\lib\</path>
         <kind>archive</kind>
         <file>rts2800_fpu32.lib</file>
         <name>fputs.obj</name>
      </input_file>
      <input_file id="fl-2d">
         <path>C:\ti\ccsv6\tools\compiler\ti-cgt-c2000_15.12.7.LTS\lib\</path>
         <kind>archive</kind>
         <file>rts2800_fpu32.lib</file>
         <name>fs_tofd.obj</name>
      </input_file>
      <input_file id="fl-2e">
         <path>C:\ti\ccsv6\tools\compiler\ti-cgt-c2000_15.12.7.LTS\lib\</path>
         <kind>archive</kind>
         <file>rts2800_fpu32.lib</file>
         <name>i_tofd.obj</name>
      </input_file>
      <input_file id="fl-2f">
         <path>C:\ti\ccsv6\tools\compiler\ti-cgt-c2000_15.12.7.LTS\lib\</path>
         <kind>archive</kind>
         <file>rts2800_fpu32.lib</file>
         <name>l_tofd.obj</name>
      </input_file>
      <input_file id="fl-30">
         <path>C:\ti\ccsv6\tools\compiler\ti-cgt-c2000_15.12.7.LTS\lib\</path>
         <kind>archive</kind>
         <file>rts2800_fpu32.lib</file>
         <name>ll_aox.obj</name>
      </input_file>
      <input_file id="fl-31">
         <path>C:\ti\ccsv6\tools\compiler\ti-cgt-c2000_15.12.7.LTS\lib\</path>
         <kind>archive</kind>
         <file>rts2800_fpu32.lib</file>
         <name>ll_cmp.obj</name>
      </input_file>
      <input_file id="fl-32">
         <path>C:\ti\ccsv6\tools\compiler\ti-cgt-c2000_15.12.7.LTS\lib\</path>
         <kind>archive</kind>
         <file>rts2800_fpu32.lib</file>
         <name>ll_div.obj</name>
      </input_file>
      <input_file id="fl-33">
         <path>C:\ti\ccsv6\tools\compiler\ti-cgt-c2000_15.12.7.LTS\lib\</path>
         <kind>archive</kind>
         <file>rts2800_fpu32.lib</file>
         <name>ltoa.obj</name>
      </input_file>
      <input_file id="fl-34">
         <path>C:\ti\ccsv6\tools\compiler\ti-cgt-c2000_15.12.7.LTS\lib\</path>
         <kind>archive</kind>
         <file>rts2800_fpu32.lib</file>
         <name>memccpy.obj</name>
      </input_file>
      <input_file id="fl-35">
         <path>C:\ti\ccsv6\tools\compiler\ti-cgt-c2000_15.12.7.LTS\lib\</path>
         <kind>archive</kind>
         <file>rts2800_fpu32.lib</file>
         <name>memchr.obj</name>
      </input_file>
      <input_file id="fl-36">
         <path>C:\ti\ccsv6\tools\compiler\ti-cgt-c2000_15.12.7.LTS\lib\</path>
         <kind>archive</kind>
         <file>rts2800_fpu32.lib</file>
         <name>memcpy.obj</name>
      </input_file>
      <input_file id="fl-37">
         <path>C:\ti\ccsv6\tools\compiler\ti-cgt-c2000_15.12.7.LTS\lib\</path>
         <kind>archive</kind>
         <file>rts2800_fpu32.lib</file>
         <name>memset.obj</name>
      </input_file>
      <input_file id="fl-38">
         <path>C:\ti\ccsv6\tools\compiler\ti-cgt-c2000_15.12.7.LTS\lib\</path>
         <kind>archive</kind>
         <file>rts2800_fpu32.lib</file>
         <name>s_frexp.obj</name>
      </input_file>
      <input_file id="fl-39">
         <path>C:\ti\ccsv6\tools\compiler\ti-cgt-c2000_15.12.7.LTS\lib\</path>
         <kind>archive</kind>
         <file>rts2800_fpu32.lib</file>
         <name>s_scalbn.obj</name>
      </input_file>
      <input_file id="fl-3a">
         <path>C:\ti\ccsv6\tools\compiler\ti-cgt-c2000_15.12.7.LTS\lib\</path>
         <kind>archive</kind>
         <file>rts2800_fpu32.lib</file>
         <name>strchr.obj</name>
      </input_file>
      <input_file id="fl-3b">
         <path>C:\ti\ccsv6\tools\compiler\ti-cgt-c2000_15.12.7.LTS\lib\</path>
         <kind>archive</kind>
         <file>rts2800_fpu32.lib</file>
         <name>strcpy.obj</name>
      </input_file>
      <input_file id="fl-3c">
         <path>C:\ti\ccsv6\tools\compiler\ti-cgt-c2000_15.12.7.LTS\lib\</path>
         <kind>archive</kind>
         <file>rts2800_fpu32.lib</file>
         <name>strlen.obj</name>
      </input_file>
      <input_file id="fl-3d">
         <path>C:\ti\ccsv6\tools\compiler\ti-cgt-c2000_15.12.7.LTS\lib\</path>
         <kind>archive</kind>
         <file>rts2800_fpu32.lib</file>
         <name>write.obj</name>
      </input_file>
      <input_file id="fl-3e">
         <path>C:\ti\ccsv6\tools\compiler\ti-cgt-c2000_15.12.7.LTS\lib\</path>
         <kind>archive</kind>
         <file>rts2800_fpu32.lib</file>
         <name>_io_perm.obj</name>
      </input_file>
      <input_file id="fl-3f">
         <path>C:\ti\ccsv6\tools\compiler\ti-cgt-c2000_15.12.7.LTS\lib\</path>
         <kind>archive</kind>
         <file>rts2800_fpu32.lib</file>
         <name>errno.obj</name>
      </input_file>
      <input_file id="fl-40">
         <path>C:\ti\ccsv6\tools\compiler\ti-cgt-c2000_15.12.7.LTS\lib\</path>
         <kind>archive</kind>
         <file>rts2800_fpu32.lib</file>
         <name>fd_add.obj</name>
      </input_file>
      <input_file id="fl-41">
         <path>C:\ti\ccsv6\tools\compiler\ti-cgt-c2000_15.12.7.LTS\lib\</path>
         <kind>archive</kind>
         <file>rts2800_fpu32.lib</file>
         <name>fflush.obj</name>
      </input_file>
      <input_file id="fl-42">
         <path>C:\ti\ccsv6\tools\compiler\ti-cgt-c2000_15.12.7.LTS\lib\</path>
         <kind>archive</kind>
         <file>rts2800_fpu32.lib</file>
         <name>fseek.obj</name>
      </input_file>
      <input_file id="fl-43">
         <path>C:\ti\ccsv6\tools\compiler\ti-cgt-c2000_15.12.7.LTS\lib\</path>
         <kind>archive</kind>
         <file>rts2800_fpu32.lib</file>
         <name>hostclose.obj</name>
      </input_file>
      <input_file id="fl-44">
         <path>C:\ti\ccsv6\tools\compiler\ti-cgt-c2000_15.12.7.LTS\lib\</path>
         <kind>archive</kind>
         <file>rts2800_fpu32.lib</file>
         <name>hostlseek.obj</name>
      </input_file>
      <input_file id="fl-45">
         <path>C:\ti\ccsv6\tools\compiler\ti-cgt-c2000_15.12.7.LTS\lib\</path>
         <kind>archive</kind>
         <file>rts2800_fpu32.lib</file>
         <name>hostopen.obj</name>
      </input_file>
      <input_file id="fl-46">
         <path>C:\ti\ccsv6\tools\compiler\ti-cgt-c2000_15.12.7.LTS\lib\</path>
         <kind>archive</kind>
         <file>rts2800_fpu32.lib</file>
         <name>hostread.obj</name>
      </input_file>
      <input_file id="fl-47">
         <path>C:\ti\ccsv6\tools\compiler\ti-cgt-c2000_15.12.7.LTS\lib\</path>
         <kind>archive</kind>
         <file>rts2800_fpu32.lib</file>
         <name>hostrename.obj</name>
      </input_file>
      <input_file id="fl-48">
         <path>C:\ti\ccsv6\tools\compiler\ti-cgt-c2000_15.12.7.LTS\lib\</path>
         <kind>archive</kind>
         <file>rts2800_fpu32.lib</file>
         <name>hostunlink.obj</name>
      </input_file>
      <input_file id="fl-49">
         <path>C:\ti\ccsv6\tools\compiler\ti-cgt-c2000_15.12.7.LTS\lib\</path>
         <kind>archive</kind>
         <file>rts2800_fpu32.lib</file>
         <name>hostwrite.obj</name>
      </input_file>
      <input_file id="fl-4a">
         <path>C:\ti\ccsv6\tools\compiler\ti-cgt-c2000_15.12.7.LTS\lib\</path>
         <kind>archive</kind>
         <file>rts2800_fpu32.lib</file>
         <name>l_div.obj</name>
      </input_file>
      <input_file id="fl-4b">
         <path>C:\ti\ccsv6\tools\compiler\ti-cgt-c2000_15.12.7.LTS\lib\</path>
         <kind>archive</kind>
         <file>rts2800_fpu32.lib</file>
         <name>lseek.obj</name>
      </input_file>
      <input_file id="fl-4c">
         <path>C:\ti\ccsv6\tools\compiler\ti-cgt-c2000_15.12.7.LTS\lib\</path>
         <kind>archive</kind>
         <file>rts2800_fpu32.lib</file>
         <name>s_copysign.obj</name>
      </input_file>
      <input_file id="fl-4d">
         <path>C:\ti\ccsv6\tools\compiler\ti-cgt-c2000_15.12.7.LTS\lib\</path>
         <kind>archive</kind>
         <file>rts2800_fpu32.lib</file>
         <name>setvbuf.obj</name>
      </input_file>
      <input_file id="fl-4e">
         <path>C:\ti\ccsv6\tools\compiler\ti-cgt-c2000_15.12.7.LTS\lib\</path>
         <kind>archive</kind>
         <file>rts2800_fpu32.lib</file>
         <name>trgmsg.obj</name>
      </input_file>
      <input_file id="fl-4f">
         <path>C:\ti\ccsv6\tools\compiler\ti-cgt-c2000_15.12.7.LTS\lib\</path>
         <kind>archive</kind>
         <file>rts2800_fpu32.lib</file>
         <name>fopen.obj</name>
      </input_file>
      <input_file id="fl-50">
         <path>C:\ti\ccsv6\tools\compiler\ti-cgt-c2000_15.12.7.LTS\lib\</path>
         <kind>archive</kind>
         <file>rts2800_fpu32.lib</file>
         <name>memory.obj</name>
      </input_file>
      <input_file id="fl-51">
         <path>C:\ti\ccsv6\tools\compiler\ti-cgt-c2000_15.12.7.LTS\lib\</path>
         <kind>archive</kind>
         <file>rts2800_fpu32.lib</file>
         <name>open.obj</name>
      </input_file>
      <input_file id="fl-52">
         <path>C:\ti\ccsv6\tools\compiler\ti-cgt-c2000_15.12.7.LTS\lib\</path>
         <kind>archive</kind>
         <file>rts2800_fpu32.lib</file>
         <name>fclose.obj</name>
      </input_file>
      <input_file id="fl-53">
         <path>C:\ti\ccsv6\tools\compiler\ti-cgt-c2000_15.12.7.LTS\lib\</path>
         <kind>archive</kind>
         <file>rts2800_fpu32.lib</file>
         <name>getdevice.obj</name>
      </input_file>
      <input_file id="fl-54">
         <path>C:\ti\ccsv6\tools\compiler\ti-cgt-c2000_15.12.7.LTS\lib\</path>
         <kind>archive</kind>
         <file>rts2800_fpu32.lib</file>
         <name>remove.obj</name>
      </input_file>
      <input_file id="fl-55">
         <path>C:\ti\ccsv6\tools\compiler\ti-cgt-c2000_15.12.7.LTS\lib\</path>
         <kind>archive</kind>
         <file>rts2800_fpu32.lib</file>
         <name>strcmp.obj</name>
      </input_file>
      <input_file id="fl-56">
         <path>C:\ti\ccsv6\tools\compiler\ti-cgt-c2000_15.12.7.LTS\lib\</path>
         <kind>archive</kind>
         <file>rts2800_fpu32.lib</file>
         <name>strncpy.obj</name>
      </input_file>
      <input_file id="fl-57">
         <path>C:\ti\ccsv6\tools\compiler\ti-cgt-c2000_15.12.7.LTS\lib\</path>
         <kind>archive</kind>
         <file>rts2800_fpu32.lib</file>
         <name>unlink.obj</name>
      </input_file>
      <input_file id="fl-58">
         <path>C:\ti\ccsv6\tools\compiler\ti-cgt-c2000_15.12.7.LTS\lib\</path>
         <kind>archive</kind>
         <file>rts2800_fpu32.lib</file>
         <name>close.obj</name>
      </input_file>
   </input_file_list>
   <object_component_list>
      <object_component id="oc-52">
         <name>codestart</name>
         <load_address>0x0</load_address>
         <run_address>0x0</run_address>
         <size>0x2</size>
         <input_file_ref idref="fl-3"/>
      </object_component>
      <object_component id="oc-a6">
         <name>ramfuncs</name>
         <load_address>0x8088</load_address>
         <run_address>0x8088</run_address>
         <size>0x4</size>
         <input_file_ref idref="fl-a"/>
      </object_component>
      <object_component id="oc-51">
         <name>.text</name>
         <load_address>0x2172</load_address>
         <run_address>0x2172</run_address>
         <size>0x8</size>
         <input_file_ref idref="fl-3"/>
      </object_component>
      <object_component id="oc-228">
         <name>.text</name>
         <load_address>0x1a58</load_address>
         <run_address>0x1a58</run_address>
         <size>0x57</size>
         <input_file_ref idref="fl-4"/>
      </object_component>
      <object_component id="oc-5e">
         <name>.text:retain</name>
         <load_address>0xbd9</load_address>
         <run_address>0xbd9</run_address>
         <size>0x316</size>
         <input_file_ref idref="fl-5"/>
      </object_component>
      <object_component id="oc-226">
         <name>.text</name>
         <load_address>0x1ef7</load_address>
         <run_address>0x1ef7</run_address>
         <size>0x28</size>
         <input_file_ref idref="fl-7"/>
      </object_component>
      <object_component id="oc-227">
         <name>.text</name>
         <load_address>0x2100</load_address>
         <run_address>0x2100</run_address>
         <size>0x12</size>
         <input_file_ref idref="fl-8"/>
      </object_component>
      <object_component id="oc-225">
         <name>.text</name>
         <load_address>0x11c8</load_address>
         <run_address>0x11c8</run_address>
         <size>0xfe</size>
         <input_file_ref idref="fl-9"/>
      </object_component>
      <object_component id="oc-229">
         <name>.text</name>
         <load_address>0x1df3</load_address>
         <run_address>0x1df3</run_address>
         <size>0x30</size>
         <input_file_ref idref="fl-b"/>
      </object_component>
      <object_component id="oc-ae">
         <name>.text:retain</name>
         <load_address>0x20eb</load_address>
         <run_address>0x20eb</run_address>
         <size>0x15</size>
         <input_file_ref idref="fl-b"/>
      </object_component>
      <object_component id="oc-21d">
         <name>.text</name>
         <load_address>0x1ca9</load_address>
         <run_address>0x1ca9</run_address>
         <size>0x3d</size>
         <input_file_ref idref="fl-c"/>
      </object_component>
      <object_component id="oc-4b">
         <name>.text</name>
         <load_address>0x1aaf</load_address>
         <run_address>0x1aaf</run_address>
         <size>0x56</size>
         <input_file_ref idref="fl-17"/>
      </object_component>
      <object_component id="oc-212">
         <name>.text</name>
         <load_address>0x1ba6</load_address>
         <run_address>0x1ba6</run_address>
         <size>0x46</size>
         <input_file_ref idref="fl-18"/>
      </object_component>
      <object_component id="oc-c4">
         <name>.text</name>
         <load_address>0x2056</load_address>
         <run_address>0x2056</run_address>
         <size>0x1a</size>
         <input_file_ref idref="fl-19"/>
      </object_component>
      <object_component id="oc-215">
         <name>.text</name>
         <load_address>0x1ea5</load_address>
         <run_address>0x1ea5</run_address>
         <size>0x29</size>
         <input_file_ref idref="fl-1a"/>
      </object_component>
      <object_component id="oc-211">
         <name>.text</name>
         <load_address>0x218a</load_address>
         <run_address>0x218a</run_address>
         <size>0x2</size>
         <input_file_ref idref="fl-1b"/>
      </object_component>
      <object_component id="oc-22c">
         <name>.text</name>
         <load_address>0x1d5b</load_address>
         <run_address>0x1d5b</run_address>
         <size>0x34</size>
         <input_file_ref idref="fl-1c"/>
      </object_component>
      <object_component id="oc-213">
         <name>.text</name>
         <load_address>0x15c7</load_address>
         <run_address>0x15c7</run_address>
         <size>0x1</size>
         <input_file_ref idref="fl-1d"/>
      </object_component>
      <object_component id="oc-22a">
         <name>.text</name>
         <load_address>0x2160</load_address>
         <run_address>0x2160</run_address>
         <size>0x9</size>
         <input_file_ref idref="fl-1e"/>
      </object_component>
      <object_component id="oc-22f">
         <name>.text</name>
         <load_address>0x0</load_address>
         <run_address>0x0</run_address>
         <size>0xbd9</size>
         <input_file_ref idref="fl-1f"/>
      </object_component>
      <object_component id="oc-214">
         <name>.text</name>
         <load_address>0x2070</load_address>
         <run_address>0x2070</run_address>
         <size>0x19</size>
         <input_file_ref idref="fl-20"/>
      </object_component>
      <object_component id="oc-235">
         <name>.text</name>
         <load_address>0x1dc2</load_address>
         <run_address>0x1dc2</run_address>
         <size>0x31</size>
         <input_file_ref idref="fl-21"/>
      </object_component>
      <object_component id="oc-fb">
         <name>.text</name>
         <load_address>0x1e51</load_address>
         <run_address>0x1e51</run_address>
         <size>0x2a</size>
         <input_file_ref idref="fl-24"/>
      </object_component>
      <object_component id="oc-100">
         <name>.text</name>
         <load_address>0x165c</load_address>
         <run_address>0x165c</run_address>
         <size>0x8b</size>
         <input_file_ref idref="fl-25"/>
      </object_component>
      <object_component id="oc-105">
         <name>.text</name>
         <load_address>0x1770</load_address>
         <run_address>0x1770</run_address>
         <size>0x83</size>
         <input_file_ref idref="fl-26"/>
      </object_component>
      <object_component id="oc-10a">
         <name>.text</name>
         <load_address>0x2169</load_address>
         <run_address>0x2169</run_address>
         <size>0x9</size>
         <input_file_ref idref="fl-27"/>
      </object_component>
      <object_component id="oc-10f">
         <name>.text</name>
         <load_address>0x2123</load_address>
         <run_address>0x2123</run_address>
         <size>0xe</size>
         <input_file_ref idref="fl-28"/>
      </object_component>
      <object_component id="oc-114">
         <name>.text</name>
         <load_address>0x1f67</load_address>
         <run_address>0x1f67</run_address>
         <size>0x21</size>
         <input_file_ref idref="fl-29"/>
      </object_component>
      <object_component id="oc-119">
         <name>.text</name>
         <load_address>0x1f88</load_address>
         <run_address>0x1f88</run_address>
         <size>0x1f</size>
         <input_file_ref idref="fl-2a"/>
      </object_component>
      <object_component id="oc-22d">
         <name>.text</name>
         <load_address>0x1b05</load_address>
         <run_address>0x1b05</run_address>
         <size>0x53</size>
         <input_file_ref idref="fl-2b"/>
      </object_component>
      <object_component id="oc-22e">
         <name>.text</name>
         <load_address>0x147b</load_address>
         <run_address>0x147b</run_address>
         <size>0xb0</size>
         <input_file_ref idref="fl-2c"/>
      </object_component>
      <object_component id="oc-129">
         <name>.text</name>
         <load_address>0x201e</load_address>
         <run_address>0x201e</run_address>
         <size>0x1c</size>
         <input_file_ref idref="fl-2d"/>
      </object_component>
      <object_component id="oc-12e">
         <name>.text</name>
         <load_address>0x2001</load_address>
         <run_address>0x2001</run_address>
         <size>0x1d</size>
         <input_file_ref idref="fl-2e"/>
      </object_component>
      <object_component id="oc-133">
         <name>.text</name>
         <load_address>0x203a</load_address>
         <run_address>0x203a</run_address>
         <size>0x1c</size>
         <input_file_ref idref="fl-2f"/>
      </object_component>
      <object_component id="oc-138">
         <name>.text</name>
         <load_address>0x20bb</load_address>
         <run_address>0x20bb</run_address>
         <size>0x18</size>
         <input_file_ref idref="fl-30"/>
      </object_component>
      <object_component id="oc-13d">
         <name>.text</name>
         <load_address>0x1fa7</load_address>
         <run_address>0x1fa7</run_address>
         <size>0x1e</size>
         <input_file_ref idref="fl-31"/>
      </object_component>
      <object_component id="oc-142">
         <name>.text</name>
         <load_address>0x10c1</load_address>
         <run_address>0x10c1</run_address>
         <size>0x107</size>
         <input_file_ref idref="fl-32"/>
      </object_component>
      <object_component id="oc-236">
         <name>.text</name>
         <load_address>0x1e23</load_address>
         <run_address>0x1e23</run_address>
         <size>0x2e</size>
         <input_file_ref idref="fl-33"/>
      </object_component>
      <object_component id="oc-23b">
         <name>.text</name>
         <load_address>0x2131</load_address>
         <run_address>0x2131</run_address>
         <size>0xd</size>
         <input_file_ref idref="fl-34"/>
      </object_component>
      <object_component id="oc-233">
         <name>.text</name>
         <load_address>0x2112</load_address>
         <run_address>0x2112</run_address>
         <size>0x11</size>
         <input_file_ref idref="fl-35"/>
      </object_component>
      <object_component id="oc-234">
         <name>.text</name>
         <load_address>0x1fc5</load_address>
         <run_address>0x1fc5</run_address>
         <size>0x1e</size>
         <input_file_ref idref="fl-36"/>
      </object_component>
      <object_component id="oc-23a">
         <name>.text</name>
         <load_address>0x213e</load_address>
         <run_address>0x213e</run_address>
         <size>0xc</size>
         <input_file_ref idref="fl-37"/>
      </object_component>
      <object_component id="oc-237">
         <name>.text</name>
         <load_address>0x19fe</load_address>
         <run_address>0x19fe</run_address>
         <size>0x5a</size>
         <input_file_ref idref="fl-38"/>
      </object_component>
      <object_component id="oc-238">
         <name>.text</name>
         <load_address>0x13bf</load_address>
         <run_address>0x13bf</run_address>
         <size>0xbc</size>
         <input_file_ref idref="fl-39"/>
      </object_component>
      <object_component id="oc-239">
         <name>.text</name>
         <load_address>0x214a</load_address>
         <run_address>0x214a</run_address>
         <size>0xc</size>
         <input_file_ref idref="fl-3a"/>
      </object_component>
      <object_component id="oc-224">
         <name>.text</name>
         <load_address>0x2182</load_address>
         <run_address>0x2182</run_address>
         <size>0x5</size>
         <input_file_ref idref="fl-3b"/>
      </object_component>
      <object_component id="oc-220">
         <name>.text</name>
         <load_address>0x217a</load_address>
         <run_address>0x217a</run_address>
         <size>0x8</size>
         <input_file_ref idref="fl-3c"/>
      </object_component>
      <object_component id="oc-232">
         <name>.text</name>
         <load_address>0x20a2</load_address>
         <run_address>0x20a2</run_address>
         <size>0x19</size>
         <input_file_ref idref="fl-3d"/>
      </object_component>
      <object_component id="oc-230">
         <name>.text</name>
         <load_address>0x18d7</load_address>
         <run_address>0x18d7</run_address>
         <size>0x67</size>
         <input_file_ref idref="fl-3e"/>
      </object_component>
      <object_component id="oc-18b">
         <name>.text</name>
         <load_address>0x152b</load_address>
         <run_address>0x152b</run_address>
         <size>0x9c</size>
         <input_file_ref idref="fl-40"/>
      </object_component>
      <object_component id="oc-231">
         <name>.text</name>
         <load_address>0x17f3</load_address>
         <run_address>0x17f3</run_address>
         <size>0x73</size>
         <input_file_ref idref="fl-41"/>
      </object_component>
      <object_component id="oc-23c">
         <name>.text</name>
         <load_address>0x1ce6</load_address>
         <run_address>0x1ce6</run_address>
         <size>0x3d</size>
         <input_file_ref idref="fl-42"/>
      </object_component>
      <object_component id="oc-217">
         <name>.text</name>
         <load_address>0x1ece</load_address>
         <run_address>0x1ece</run_address>
         <size>0x29</size>
         <input_file_ref idref="fl-43"/>
      </object_component>
      <object_component id="oc-21a">
         <name>.text</name>
         <load_address>0x193e</load_address>
         <run_address>0x193e</run_address>
         <size>0x61</size>
         <input_file_ref idref="fl-44"/>
      </object_component>
      <object_component id="oc-216">
         <name>.text</name>
         <load_address>0x1bec</load_address>
         <run_address>0x1bec</run_address>
         <size>0x40</size>
         <input_file_ref idref="fl-45"/>
      </object_component>
      <object_component id="oc-218">
         <name>.text</name>
         <load_address>0x1c2c</load_address>
         <run_address>0x1c2c</run_address>
         <size>0x3f</size>
         <input_file_ref idref="fl-46"/>
      </object_component>
      <object_component id="oc-21c">
         <name>.text</name>
         <load_address>0x1c6b</load_address>
         <run_address>0x1c6b</run_address>
         <size>0x3e</size>
         <input_file_ref idref="fl-47"/>
      </object_component>
      <object_component id="oc-21b">
         <name>.text</name>
         <load_address>0x1f1f</load_address>
         <run_address>0x1f1f</run_address>
         <size>0x24</size>
         <input_file_ref idref="fl-48"/>
      </object_component>
      <object_component id="oc-219">
         <name>.text</name>
         <load_address>0x1d23</load_address>
         <run_address>0x1d23</run_address>
         <size>0x38</size>
         <input_file_ref idref="fl-49"/>
      </object_component>
      <object_component id="oc-1be">
         <name>.text</name>
         <load_address>0x1e7b</load_address>
         <run_address>0x1e7b</run_address>
         <size>0x2a</size>
         <input_file_ref idref="fl-4a"/>
      </object_component>
      <object_component id="oc-240">
         <name>.text</name>
         <load_address>0x20d3</load_address>
         <run_address>0x20d3</run_address>
         <size>0x18</size>
         <input_file_ref idref="fl-4b"/>
      </object_component>
      <object_component id="oc-23f">
         <name>.text</name>
         <load_address>0x1f43</load_address>
         <run_address>0x1f43</run_address>
         <size>0x24</size>
         <input_file_ref idref="fl-4c"/>
      </object_component>
      <object_component id="oc-23d">
         <name>.text</name>
         <load_address>0x16e7</load_address>
         <run_address>0x16e7</run_address>
         <size>0x89</size>
         <input_file_ref idref="fl-4d"/>
      </object_component>
      <object_component id="oc-221">
         <name>.text</name>
         <load_address>0x15c8</load_address>
         <run_address>0x15c8</run_address>
         <size>0x94</size>
         <input_file_ref idref="fl-4e"/>
      </object_component>
      <object_component id="oc-242">
         <name>.text</name>
         <load_address>0x12c6</load_address>
         <run_address>0x12c6</run_address>
         <size>0xf9</size>
         <input_file_ref idref="fl-4f"/>
      </object_component>
      <object_component id="oc-241">
         <name>.text</name>
         <load_address>0xeef</load_address>
         <run_address>0xeef</run_address>
         <size>0x1d2</size>
         <input_file_ref idref="fl-50"/>
      </object_component>
      <object_component id="oc-243">
         <name>.text</name>
         <load_address>0x1866</load_address>
         <run_address>0x1866</run_address>
         <size>0x71</size>
         <input_file_ref idref="fl-51"/>
      </object_component>
      <object_component id="oc-244">
         <name>.text</name>
         <load_address>0x199f</load_address>
         <run_address>0x199f</run_address>
         <size>0x5f</size>
         <input_file_ref idref="fl-52"/>
      </object_component>
      <object_component id="oc-245">
         <name>.text</name>
         <load_address>0x1b58</load_address>
         <run_address>0x1b58</run_address>
         <size>0x4e</size>
         <input_file_ref idref="fl-53"/>
      </object_component>
      <object_component id="oc-247">
         <name>.text</name>
         <load_address>0x2187</load_address>
         <run_address>0x2187</run_address>
         <size>0x3</size>
         <input_file_ref idref="fl-54"/>
      </object_component>
      <object_component id="oc-248">
         <name>.text</name>
         <load_address>0x2156</load_address>
         <run_address>0x2156</run_address>
         <size>0xa</size>
         <input_file_ref idref="fl-55"/>
      </object_component>
      <object_component id="oc-249">
         <name>.text</name>
         <load_address>0x1fe3</load_address>
         <run_address>0x1fe3</run_address>
         <size>0x1e</size>
         <input_file_ref idref="fl-56"/>
      </object_component>
      <object_component id="oc-24a">
         <name>.text</name>
         <load_address>0x2089</load_address>
         <run_address>0x2089</run_address>
         <size>0x19</size>
         <input_file_ref idref="fl-57"/>
      </object_component>
      <object_component id="oc-246">
         <name>.text</name>
         <load_address>0x1d8f</load_address>
         <run_address>0x1d8f</run_address>
         <size>0x33</size>
         <input_file_ref idref="fl-58"/>
      </object_component>
      <object_component id="oc-f8">
         <name>.cinit</name>
         <load_address>0x8000</load_address>
         <run_address>0x8000</run_address>
         <size>0x2a</size>
         <input_file_ref idref="fl-23"/>
      </object_component>
      <object_component id="oc-17c">
         <name>.cinit</name>
         <load_address>0x802a</load_address>
         <run_address>0x802a</run_address>
         <size>0x29</size>
         <input_file_ref idref="fl-3d"/>
      </object_component>
      <object_component id="oc-ca">
         <name>.cinit</name>
         <load_address>0x8053</load_address>
         <run_address>0x8053</run_address>
         <size>0xe</size>
         <input_file_ref idref="fl-1a"/>
      </object_component>
      <object_component id="oc-ac">
         <name>.cinit</name>
         <load_address>0x8061</load_address>
         <run_address>0x8061</run_address>
         <size>0xb</size>
         <input_file_ref idref="fl-b"/>
      </object_component>
      <object_component id="oc-21f">
         <name>.cinit:__lock</name>
         <load_address>0x806c</load_address>
         <run_address>0x806c</run_address>
         <size>0x5</size>
         <input_file_ref idref="fl-1e"/>
      </object_component>
      <object_component id="oc-223">
         <name>.cinit:__unlock</name>
         <load_address>0x8071</load_address>
         <run_address>0x8071</run_address>
         <size>0x5</size>
         <input_file_ref idref="fl-1e"/>
      </object_component>
      <object_component id="oc-188">
         <name>.cinit</name>
         <load_address>0x8076</load_address>
         <run_address>0x8076</run_address>
         <size>0x4</size>
         <input_file_ref idref="fl-3f"/>
      </object_component>
      <object_component id="oc-1d9">
         <name>.cinit</name>
         <load_address>0x807a</load_address>
         <run_address>0x807a</run_address>
         <size>0x4</size>
         <input_file_ref idref="fl-4f"/>
      </object_component>
      <object_component id="oc-1e0">
         <name>.cinit</name>
         <load_address>0x807e</load_address>
         <run_address>0x807e</run_address>
         <size>0x4</size>
         <input_file_ref idref="fl-50"/>
      </object_component>
      <object_component id="oc-1e8">
         <name>.cinit</name>
         <load_address>0x8082</load_address>
         <run_address>0x8082</run_address>
         <size>0x4</size>
         <input_file_ref idref="fl-51"/>
      </object_component>
      <object_component id="oc-b9">
         <name>.stack</name>
         <uninitialized>true</uninitialized>
         <run_address>0x0</run_address>
         <size>0x0</size>
         <input_file_ref idref="fl-17"/>
      </object_component>
      <object_component id="oc-2a2">
         <name>.stack</name>
         <uninitialized>true</uninitialized>
         <run_address>0x0</run_address>
         <size>0x0</size>
      </object_component>
      <object_component id="oc-58">
         <name>.ebss</name>
         <uninitialized>true</uninitialized>
         <run_address>0xc160</run_address>
         <size>0x18</size>
         <input_file_ref idref="fl-4"/>
      </object_component>
      <object_component id="oc-ad">
         <name>.ebss</name>
         <uninitialized>true</uninitialized>
         <run_address>0xc208</run_address>
         <size>0xc</size>
         <input_file_ref idref="fl-b"/>
      </object_component>
      <object_component id="oc-cb">
         <name>.ebss</name>
         <uninitialized>true</uninitialized>
         <run_address>0xc21c</run_address>
         <size>0x6</size>
         <input_file_ref idref="fl-1a"/>
      </object_component>
      <object_component id="oc-222">
         <name>.ebss:__unlock</name>
         <uninitialized>true</uninitialized>
         <run_address>0xc224</run_address>
         <size>0x2</size>
         <input_file_ref idref="fl-1e"/>
      </object_component>
      <object_component id="oc-21e">
         <name>.ebss:__lock</name>
         <uninitialized>true</uninitialized>
         <run_address>0xc222</run_address>
         <size>0x2</size>
         <input_file_ref idref="fl-1e"/>
      </object_component>
      <object_component id="oc-f9">
         <name>.ebss</name>
         <uninitialized>true</uninitialized>
         <run_address>0xc000</run_address>
         <size>0x160</size>
         <input_file_ref idref="fl-23"/>
      </object_component>
      <object_component id="oc-17d">
         <name>.ebss</name>
         <uninitialized>true</uninitialized>
         <run_address>0xc180</run_address>
         <size>0x88</size>
         <input_file_ref idref="fl-3d"/>
      </object_component>
      <object_component id="oc-189">
         <name>.ebss</name>
         <uninitialized>true</uninitialized>
         <run_address>0xc226</run_address>
         <size>0x1</size>
         <input_file_ref idref="fl-3f"/>
      </object_component>
      <object_component id="oc-1a5">
         <name>.ebss</name>
         <uninitialized>true</uninitialized>
         <run_address>0xc178</run_address>
         <size>0x8</size>
         <input_file_ref idref="fl-45"/>
      </object_component>
      <object_component id="oc-1da">
         <name>.ebss</name>
         <uninitialized>true</uninitialized>
         <run_address>0xc227</run_address>
         <size>0x1</size>
         <input_file_ref idref="fl-4f"/>
      </object_component>
      <object_component id="oc-1e2">
         <name>.ebss</name>
         <uninitialized>true</uninitialized>
         <run_address>0xc214</run_address>
         <size>0x8</size>
         <input_file_ref idref="fl-50"/>
      </object_component>
      <object_component id="oc-1e9">
         <name>.ebss</name>
         <uninitialized>true</uninitialized>
         <run_address>0xc228</run_address>
         <size>0x1</size>
         <input_file_ref idref="fl-51"/>
      </object_component>
      <object_component id="oc-23e">
         <name>.econst:.string:__ctypes_</name>
         <load_address>0xd000</load_address>
         <run_address>0xd000</run_address>
         <size>0x101</size>
         <input_file_ref idref="fl-22"/>
      </object_component>
      <object_component id="oc-22b">
         <name>.econst:_PieVectTableInit</name>
         <load_address>0xd102</load_address>
         <run_address>0xd102</run_address>
         <size>0x100</size>
         <input_file_ref idref="fl-8"/>
      </object_component>
      <object_component id="oc-e6">
         <name>.econst:.string</name>
         <load_address>0xd202</load_address>
         <run_address>0xd202</run_address>
         <size>0x26</size>
         <input_file_ref idref="fl-1f"/>
      </object_component>
      <object_component id="oc-e5">
         <name>.econst</name>
         <load_address>0xd228</load_address>
         <run_address>0xd228</run_address>
         <size>0x1c</size>
         <input_file_ref idref="fl-1f"/>
      </object_component>
      <object_component id="oc-167">
         <name>.econst</name>
         <load_address>0xd244</load_address>
         <run_address>0xd244</run_address>
         <size>0x1c</size>
         <input_file_ref idref="fl-39"/>
      </object_component>
      <object_component id="oc-161">
         <name>.econst</name>
         <load_address>0xd260</load_address>
         <run_address>0xd260</run_address>
         <size>0x8</size>
         <input_file_ref idref="fl-38"/>
      </object_component>
      <object_component id="oc-af">
         <name>.econst:.string</name>
         <load_address>0xd268</load_address>
         <run_address>0xd268</run_address>
         <size>0x4</size>
         <input_file_ref idref="fl-b"/>
      </object_component>
      <object_component id="oc-124">
         <name>.econst:.string</name>
         <load_address>0xd26c</load_address>
         <run_address>0xd26c</run_address>
         <size>0x2</size>
         <input_file_ref idref="fl-2c"/>
      </object_component>
      <object_component id="oc-1e1">
         <name>.esysmem</name>
         <uninitialized>true</uninitialized>
         <run_address>0x400</run_address>
         <size>0x1</size>
         <input_file_ref idref="fl-50"/>
      </object_component>
      <object_component id="oc-2a3">
         <name>.esysmem</name>
         <uninitialized>true</uninitialized>
         <run_address>0x400</run_address>
         <size>0x0</size>
      </object_component>
      <object_component id="oc-ba">
         <name>.reset</name>
         <load_address>0x3fffc0</load_address>
         <run_address>0x3fffc0</run_address>
         <size>0x2</size>
         <input_file_ref idref="fl-17"/>
      </object_component>
      <object_component id="oc-4c">
         <name>.adc_cal</name>
         <load_address>0x380080</load_address>
         <run_address>0x380080</run_address>
         <size>0x7</size>
         <input_file_ref idref="fl-2"/>
      </object_component>
      <object_component id="oc-95">
         <name>PieVectTableFile</name>
         <uninitialized>true</uninitialized>
         <run_address>0xd00</run_address>
         <size>0x100</size>
         <input_file_ref idref="fl-6"/>
      </object_component>
      <object_component id="oc-91">
         <name>DevEmuRegsFile</name>
         <uninitialized>true</uninitialized>
         <run_address>0x880</run_address>
         <size>0xd0</size>
         <input_file_ref idref="fl-6"/>
      </object_component>
      <object_component id="oc-67">
         <name>FlashRegsFile</name>
         <uninitialized>true</uninitialized>
         <run_address>0xa80</run_address>
         <size>0x8</size>
         <input_file_ref idref="fl-6"/>
      </object_component>
      <object_component id="oc-6f">
         <name>CsmRegsFile</name>
         <uninitialized>true</uninitialized>
         <run_address>0xae0</run_address>
         <size>0x10</size>
         <input_file_ref idref="fl-6"/>
      </object_component>
      <object_component id="oc-70">
         <name>AdcMirrorFile</name>
         <uninitialized>true</uninitialized>
         <run_address>0xb00</run_address>
         <size>0x10</size>
         <input_file_ref idref="fl-6"/>
      </object_component>
      <object_component id="oc-74">
         <name>XintfRegsFile</name>
         <uninitialized>true</uninitialized>
         <run_address>0xb20</run_address>
         <size>0x1e</size>
         <input_file_ref idref="fl-6"/>
      </object_component>
      <object_component id="oc-68">
         <name>CpuTimer0RegsFile</name>
         <uninitialized>true</uninitialized>
         <run_address>0xc00</run_address>
         <size>0x8</size>
         <input_file_ref idref="fl-6"/>
      </object_component>
      <object_component id="oc-69">
         <name>CpuTimer1RegsFile</name>
         <uninitialized>true</uninitialized>
         <run_address>0xc08</run_address>
         <size>0x8</size>
         <input_file_ref idref="fl-6"/>
      </object_component>
      <object_component id="oc-65">
         <name>CpuTimer2RegsFile</name>
         <uninitialized>true</uninitialized>
         <run_address>0xc10</run_address>
         <size>0x8</size>
         <input_file_ref idref="fl-6"/>
      </object_component>
      <object_component id="oc-72">
         <name>PieCtrlRegsFile</name>
         <uninitialized>true</uninitialized>
         <run_address>0xce0</run_address>
         <size>0x1a</size>
         <input_file_ref idref="fl-6"/>
      </object_component>
      <object_component id="oc-92">
         <name>DmaRegsFile</name>
         <uninitialized>true</uninitialized>
         <run_address>0x1000</run_address>
         <size>0xe0</size>
         <input_file_ref idref="fl-6"/>
      </object_component>
      <object_component id="oc-85">
         <name>McbspaRegsFile</name>
         <uninitialized>true</uninitialized>
         <run_address>0x5000</run_address>
         <size>0x25</size>
         <input_file_ref idref="fl-6"/>
      </object_component>
      <object_component id="oc-84">
         <name>McbspbRegsFile</name>
         <uninitialized>true</uninitialized>
         <run_address>0x5040</run_address>
         <size>0x25</size>
         <input_file_ref idref="fl-6"/>
      </object_component>
      <object_component id="oc-87">
         <name>ECanaRegsFile</name>
         <uninitialized>true</uninitialized>
         <run_address>0x6000</run_address>
         <size>0x34</size>
         <input_file_ref idref="fl-6"/>
      </object_component>
      <object_component id="oc-8b">
         <name>ECanaLAMRegsFile</name>
         <uninitialized>true</uninitialized>
         <run_address>0x6040</run_address>
         <size>0x40</size>
         <input_file_ref idref="fl-6"/>
      </object_component>
      <object_component id="oc-94">
         <name>ECanaMboxesFile</name>
         <uninitialized>true</uninitialized>
         <run_address>0x6100</run_address>
         <size>0x100</size>
         <input_file_ref idref="fl-6"/>
      </object_component>
      <object_component id="oc-8c">
         <name>ECanaMOTSRegsFile</name>
         <uninitialized>true</uninitialized>
         <run_address>0x6080</run_address>
         <size>0x40</size>
         <input_file_ref idref="fl-6"/>
      </object_component>
      <object_component id="oc-89">
         <name>ECanaMOTORegsFile</name>
         <uninitialized>true</uninitialized>
         <run_address>0x60c0</run_address>
         <size>0x40</size>
         <input_file_ref idref="fl-6"/>
      </object_component>
      <object_component id="oc-88">
         <name>ECanbRegsFile</name>
         <uninitialized>true</uninitialized>
         <run_address>0x6200</run_address>
         <size>0x34</size>
         <input_file_ref idref="fl-6"/>
      </object_component>
      <object_component id="oc-90">
         <name>ECanbLAMRegsFile</name>
         <uninitialized>true</uninitialized>
         <run_address>0x6240</run_address>
         <size>0x40</size>
         <input_file_ref idref="fl-6"/>
      </object_component>
      <object_component id="oc-93">
         <name>ECanbMboxesFile</name>
         <uninitialized>true</uninitialized>
         <run_address>0x6300</run_address>
         <size>0x100</size>
         <input_file_ref idref="fl-6"/>
      </object_component>
      <object_component id="oc-8a">
         <name>ECanbMOTSRegsFile</name>
         <uninitialized>true</uninitialized>
         <run_address>0x6280</run_address>
         <size>0x40</size>
         <input_file_ref idref="fl-6"/>
      </object_component>
      <object_component id="oc-8d">
         <name>ECanbMOTORegsFile</name>
         <uninitialized>true</uninitialized>
         <run_address>0x62c0</run_address>
         <size>0x40</size>
         <input_file_ref idref="fl-6"/>
      </object_component>
      <object_component id="oc-82">
         <name>EPwm1RegsFile</name>
         <uninitialized>true</uninitialized>
         <run_address>0x6800</run_address>
         <size>0x22</size>
         <input_file_ref idref="fl-6"/>
      </object_component>
      <object_component id="oc-7d">
         <name>EPwm2RegsFile</name>
         <uninitialized>true</uninitialized>
         <run_address>0x6840</run_address>
         <size>0x22</size>
         <input_file_ref idref="fl-6"/>
      </object_component>
      <object_component id="oc-7e">
         <name>EPwm3RegsFile</name>
         <uninitialized>true</uninitialized>
         <run_address>0x6880</run_address>
         <size>0x22</size>
         <input_file_ref idref="fl-6"/>
      </object_component>
      <object_component id="oc-83">
         <name>EPwm4RegsFile</name>
         <uninitialized>true</uninitialized>
         <run_address>0x68c0</run_address>
         <size>0x22</size>
         <input_file_ref idref="fl-6"/>
      </object_component>
      <object_component id="oc-80">
         <name>EPwm5RegsFile</name>
         <uninitialized>true</uninitialized>
         <run_address>0x6900</run_address>
         <size>0x22</size>
         <input_file_ref idref="fl-6"/>
      </object_component>
      <object_component id="oc-81">
         <name>EPwm6RegsFile</name>
         <uninitialized>true</uninitialized>
         <run_address>0x6940</run_address>
         <size>0x22</size>
         <input_file_ref idref="fl-6"/>
      </object_component>
      <object_component id="oc-77">
         <name>ECap1RegsFile</name>
         <uninitialized>true</uninitialized>
         <run_address>0x6a00</run_address>
         <size>0x20</size>
         <input_file_ref idref="fl-6"/>
      </object_component>
      <object_component id="oc-78">
         <name>ECap2RegsFile</name>
         <uninitialized>true</uninitialized>
         <run_address>0x6a20</run_address>
         <size>0x20</size>
         <input_file_ref idref="fl-6"/>
      </object_component>
      <object_component id="oc-75">
         <name>ECap3RegsFile</name>
         <uninitialized>true</uninitialized>
         <run_address>0x6a40</run_address>
         <size>0x20</size>
         <input_file_ref idref="fl-6"/>
      </object_component>
      <object_component id="oc-76">
         <name>ECap4RegsFile</name>
         <uninitialized>true</uninitialized>
         <run_address>0x6a60</run_address>
         <size>0x20</size>
         <input_file_ref idref="fl-6"/>
      </object_component>
      <object_component id="oc-7b">
         <name>ECap5RegsFile</name>
         <uninitialized>true</uninitialized>
         <run_address>0x6a80</run_address>
         <size>0x20</size>
         <input_file_ref idref="fl-6"/>
      </object_component>
      <object_component id="oc-7c">
         <name>ECap6RegsFile</name>
         <uninitialized>true</uninitialized>
         <run_address>0x6aa0</run_address>
         <size>0x20</size>
         <input_file_ref idref="fl-6"/>
      </object_component>
      <object_component id="oc-8e">
         <name>EQep1RegsFile</name>
         <uninitialized>true</uninitialized>
         <run_address>0x6b00</run_address>
         <size>0x40</size>
         <input_file_ref idref="fl-6"/>
      </object_component>
      <object_component id="oc-8f">
         <name>EQep2RegsFile</name>
         <uninitialized>true</uninitialized>
         <run_address>0x6b40</run_address>
         <size>0x40</size>
         <input_file_ref idref="fl-6"/>
      </object_component>
      <object_component id="oc-86">
         <name>GpioCtrlRegsFile</name>
         <uninitialized>true</uninitialized>
         <run_address>0x6f80</run_address>
         <size>0x2e</size>
         <input_file_ref idref="fl-6"/>
      </object_component>
      <object_component id="oc-79">
         <name>GpioDataRegsFile</name>
         <uninitialized>true</uninitialized>
         <run_address>0x6fc0</run_address>
         <size>0x20</size>
         <input_file_ref idref="fl-6"/>
      </object_component>
      <object_component id="oc-6a">
         <name>GpioIntRegsFile</name>
         <uninitialized>true</uninitialized>
         <run_address>0x6fe0</run_address>
         <size>0xa</size>
         <input_file_ref idref="fl-6"/>
      </object_component>
      <object_component id="oc-7a">
         <name>SysCtrlRegsFile</name>
         <uninitialized>true</uninitialized>
         <run_address>0x7010</run_address>
         <size>0x20</size>
         <input_file_ref idref="fl-6"/>
      </object_component>
      <object_component id="oc-6b">
         <name>SpiaRegsFile</name>
         <uninitialized>true</uninitialized>
         <run_address>0x7040</run_address>
         <size>0x10</size>
         <input_file_ref idref="fl-6"/>
      </object_component>
      <object_component id="oc-6e">
         <name>SciaRegsFile</name>
         <uninitialized>true</uninitialized>
         <run_address>0x7050</run_address>
         <size>0x10</size>
         <input_file_ref idref="fl-6"/>
      </object_component>
      <object_component id="oc-71">
         <name>XIntruptRegsFile</name>
         <uninitialized>true</uninitialized>
         <run_address>0x7070</run_address>
         <size>0x10</size>
         <input_file_ref idref="fl-6"/>
      </object_component>
      <object_component id="oc-73">
         <name>AdcRegsFile</name>
         <uninitialized>true</uninitialized>
         <run_address>0x7100</run_address>
         <size>0x1e</size>
         <input_file_ref idref="fl-6"/>
      </object_component>
      <object_component id="oc-6c">
         <name>ScibRegsFile</name>
         <uninitialized>true</uninitialized>
         <run_address>0x7750</run_address>
         <size>0x10</size>
         <input_file_ref idref="fl-6"/>
      </object_component>
      <object_component id="oc-6d">
         <name>ScicRegsFile</name>
         <uninitialized>true</uninitialized>
         <run_address>0x7770</run_address>
         <size>0x10</size>
         <input_file_ref idref="fl-6"/>
      </object_component>
      <object_component id="oc-7f">
         <name>I2caRegsFile</name>
         <uninitialized>true</uninitialized>
         <run_address>0x7900</run_address>
         <size>0x22</size>
         <input_file_ref idref="fl-6"/>
      </object_component>
      <object_component id="oc-66">
         <name>CsmPwlFile</name>
         <uninitialized>true</uninitialized>
         <run_address>0x33fff8</run_address>
         <size>0x8</size>
         <input_file_ref idref="fl-6"/>
      </object_component>
      <object_component id="oc-64">
         <name>PartIdRegsFile</name>
         <uninitialized>true</uninitialized>
         <run_address>0x380090</run_address>
         <size>0x1</size>
         <input_file_ref idref="fl-6"/>
      </object_component>
      <object_component id="oc-4d">
         <name>.debug_info</name>
         <load_address>0x0</load_address>
         <run_address>0x0</run_address>
         <size>0xf4</size>
         <input_file_ref idref="fl-2"/>
      </object_component>
      <object_component id="oc-53">
         <name>.debug_info</name>
         <load_address>0xf4</load_address>
         <run_address>0xf4</run_address>
         <size>0x130</size>
         <input_file_ref idref="fl-3"/>
      </object_component>
      <object_component id="oc-57">
         <name>.debug_info</name>
         <load_address>0x224</load_address>
         <run_address>0x224</run_address>
         <size>0x9b8</size>
         <input_file_ref idref="fl-4"/>
      </object_component>
      <object_component id="oc-5d">
         <name>.debug_info</name>
         <load_address>0xbdc</load_address>
         <run_address>0xbdc</run_address>
         <size>0x2325</size>
         <input_file_ref idref="fl-5"/>
      </object_component>
      <object_component id="oc-63">
         <name>.debug_info</name>
         <load_address>0x2f01</load_address>
         <run_address>0x2f01</run_address>
         <size>0x13398</size>
         <input_file_ref idref="fl-6"/>
      </object_component>
      <object_component id="oc-97">
         <name>.debug_info</name>
         <load_address>0x16299</load_address>
         <run_address>0x16299</run_address>
         <size>0xb60</size>
         <input_file_ref idref="fl-7"/>
      </object_component>
      <object_component id="oc-9c">
         <name>.debug_info</name>
         <load_address>0x16df9</load_address>
         <run_address>0x16df9</run_address>
         <size>0x22c5</size>
         <input_file_ref idref="fl-8"/>
      </object_component>
      <object_component id="oc-a1">
         <name>.debug_info</name>
         <load_address>0x190be</load_address>
         <run_address>0x190be</run_address>
         <size>0x20a9</size>
         <input_file_ref idref="fl-9"/>
      </object_component>
      <object_component id="oc-a7">
         <name>.debug_info</name>
         <load_address>0x1b167</load_address>
         <run_address>0x1b167</run_address>
         <size>0xf4</size>
         <input_file_ref idref="fl-a"/>
      </object_component>
      <object_component id="oc-ab">
         <name>.debug_info</name>
         <load_address>0x1b25b</load_address>
         <run_address>0x1b25b</run_address>
         <size>0x17ac</size>
         <input_file_ref idref="fl-b"/>
      </object_component>
      <object_component id="oc-b4">
         <name>.debug_info</name>
         <load_address>0x1ca07</load_address>
         <run_address>0x1ca07</run_address>
         <size>0x38c7</size>
         <input_file_ref idref="fl-c"/>
      </object_component>
      <object_component id="oc-bb">
         <name>.debug_info</name>
         <load_address>0x202ce</load_address>
         <run_address>0x202ce</run_address>
         <size>0x16c</size>
         <input_file_ref idref="fl-17"/>
      </object_component>
      <object_component id="oc-bf">
         <name>.debug_info</name>
         <load_address>0x2043a</load_address>
         <run_address>0x2043a</run_address>
         <size>0x628</size>
         <input_file_ref idref="fl-18"/>
      </object_component>
      <object_component id="oc-c5">
         <name>.debug_info</name>
         <load_address>0x20a62</load_address>
         <run_address>0x20a62</run_address>
         <size>0x113</size>
         <input_file_ref idref="fl-19"/>
      </object_component>
      <object_component id="oc-c9">
         <name>.debug_info</name>
         <load_address>0x20b75</load_address>
         <run_address>0x20b75</run_address>
         <size>0x5ac</size>
         <input_file_ref idref="fl-1a"/>
      </object_component>
      <object_component id="oc-d0">
         <name>.debug_info</name>
         <load_address>0x21121</load_address>
         <run_address>0x21121</run_address>
         <size>0x3e3</size>
         <input_file_ref idref="fl-1b"/>
      </object_component>
      <object_component id="oc-d5">
         <name>.debug_info</name>
         <load_address>0x21504</load_address>
         <run_address>0x21504</run_address>
         <size>0x70a</size>
         <input_file_ref idref="fl-1c"/>
      </object_component>
      <object_component id="oc-da">
         <name>.debug_info</name>
         <load_address>0x21c0e</load_address>
         <run_address>0x21c0e</run_address>
         <size>0x3e0</size>
         <input_file_ref idref="fl-1d"/>
      </object_component>
      <object_component id="oc-df">
         <name>.debug_info</name>
         <load_address>0x21fee</load_address>
         <run_address>0x21fee</run_address>
         <size>0x502</size>
         <input_file_ref idref="fl-1e"/>
      </object_component>
      <object_component id="oc-e4">
         <name>.debug_info</name>
         <load_address>0x224f0</load_address>
         <run_address>0x224f0</run_address>
         <size>0x2560</size>
         <input_file_ref idref="fl-1f"/>
      </object_component>
      <object_component id="oc-eb">
         <name>.debug_info</name>
         <load_address>0x24a50</load_address>
         <run_address>0x24a50</run_address>
         <size>0x4cf</size>
         <input_file_ref idref="fl-20"/>
      </object_component>
      <object_component id="oc-f0">
         <name>.debug_info</name>
         <load_address>0x24f1f</load_address>
         <run_address>0x24f1f</run_address>
         <size>0x455</size>
         <input_file_ref idref="fl-21"/>
      </object_component>
      <object_component id="oc-f5">
         <name>.debug_info</name>
         <load_address>0x25374</load_address>
         <run_address>0x25374</run_address>
         <size>0x1dd</size>
         <input_file_ref idref="fl-22"/>
      </object_component>
      <object_component id="oc-f7">
         <name>.debug_info</name>
         <load_address>0x25551</load_address>
         <run_address>0x25551</run_address>
         <size>0x2d0</size>
         <input_file_ref idref="fl-23"/>
      </object_component>
      <object_component id="oc-fc">
         <name>.debug_info</name>
         <load_address>0x25821</load_address>
         <run_address>0x25821</run_address>
         <size>0x119</size>
         <input_file_ref idref="fl-24"/>
      </object_component>
      <object_component id="oc-101">
         <name>.debug_info</name>
         <load_address>0x2593a</load_address>
         <run_address>0x2593a</run_address>
         <size>0x10d</size>
         <input_file_ref idref="fl-25"/>
      </object_component>
      <object_component id="oc-106">
         <name>.debug_info</name>
         <load_address>0x25a47</load_address>
         <run_address>0x25a47</run_address>
         <size>0x10d</size>
         <input_file_ref idref="fl-26"/>
      </object_component>
      <object_component id="oc-10b">
         <name>.debug_info</name>
         <load_address>0x25b54</load_address>
         <run_address>0x25b54</run_address>
         <size>0x10d</size>
         <input_file_ref idref="fl-27"/>
      </object_component>
      <object_component id="oc-110">
         <name>.debug_info</name>
         <load_address>0x25c61</load_address>
         <run_address>0x25c61</run_address>
         <size>0x11b</size>
         <input_file_ref idref="fl-28"/>
      </object_component>
      <object_component id="oc-115">
         <name>.debug_info</name>
         <load_address>0x25d7c</load_address>
         <run_address>0x25d7c</run_address>
         <size>0x10d</size>
         <input_file_ref idref="fl-29"/>
      </object_component>
      <object_component id="oc-11a">
         <name>.debug_info</name>
         <load_address>0x25e89</load_address>
         <run_address>0x25e89</run_address>
         <size>0x10d</size>
         <input_file_ref idref="fl-2a"/>
      </object_component>
      <object_component id="oc-11e">
         <name>.debug_info</name>
         <load_address>0x25f96</load_address>
         <run_address>0x25f96</run_address>
         <size>0x66f</size>
         <input_file_ref idref="fl-2b"/>
      </object_component>
      <object_component id="oc-123">
         <name>.debug_info</name>
         <load_address>0x26605</load_address>
         <run_address>0x26605</run_address>
         <size>0x848</size>
         <input_file_ref idref="fl-2c"/>
      </object_component>
      <object_component id="oc-12a">
         <name>.debug_info</name>
         <load_address>0x26e4d</load_address>
         <run_address>0x26e4d</run_address>
         <size>0x113</size>
         <input_file_ref idref="fl-2d"/>
      </object_component>
      <object_component id="oc-12f">
         <name>.debug_info</name>
         <load_address>0x26f60</load_address>
         <run_address>0x26f60</run_address>
         <size>0x111</size>
         <input_file_ref idref="fl-2e"/>
      </object_component>
      <object_component id="oc-134">
         <name>.debug_info</name>
         <load_address>0x27071</load_address>
         <run_address>0x27071</run_address>
         <size>0x111</size>
         <input_file_ref idref="fl-2f"/>
      </object_component>
      <object_component id="oc-139">
         <name>.debug_info</name>
         <load_address>0x27182</load_address>
         <run_address>0x27182</run_address>
         <size>0x16f</size>
         <input_file_ref idref="fl-30"/>
      </object_component>
      <object_component id="oc-13e">
         <name>.debug_info</name>
         <load_address>0x272f1</load_address>
         <run_address>0x272f1</run_address>
         <size>0x147</size>
         <input_file_ref idref="fl-31"/>
      </object_component>
      <object_component id="oc-143">
         <name>.debug_info</name>
         <load_address>0x27438</load_address>
         <run_address>0x27438</run_address>
         <size>0x22a</size>
         <input_file_ref idref="fl-32"/>
      </object_component>
      <object_component id="oc-147">
         <name>.debug_info</name>
         <load_address>0x27662</load_address>
         <run_address>0x27662</run_address>
         <size>0x4ef</size>
         <input_file_ref idref="fl-33"/>
      </object_component>
      <object_component id="oc-14c">
         <name>.debug_info</name>
         <load_address>0x27b51</load_address>
         <run_address>0x27b51</run_address>
         <size>0x46e</size>
         <input_file_ref idref="fl-34"/>
      </object_component>
      <object_component id="oc-151">
         <name>.debug_info</name>
         <load_address>0x27fbf</load_address>
         <run_address>0x27fbf</run_address>
         <size>0x512</size>
         <input_file_ref idref="fl-35"/>
      </object_component>
      <object_component id="oc-156">
         <name>.debug_info</name>
         <load_address>0x284d1</load_address>
         <run_address>0x284d1</run_address>
         <size>0x470</size>
         <input_file_ref idref="fl-36"/>
      </object_component>
      <object_component id="oc-15b">
         <name>.debug_info</name>
         <load_address>0x28941</load_address>
         <run_address>0x28941</run_address>
         <size>0x528</size>
         <input_file_ref idref="fl-37"/>
      </object_component>
      <object_component id="oc-160">
         <name>.debug_info</name>
         <load_address>0x28e69</load_address>
         <run_address>0x28e69</run_address>
         <size>0x538</size>
         <input_file_ref idref="fl-38"/>
      </object_component>
      <object_component id="oc-166">
         <name>.debug_info</name>
         <load_address>0x293a1</load_address>
         <run_address>0x293a1</run_address>
         <size>0x5e3</size>
         <input_file_ref idref="fl-39"/>
      </object_component>
      <object_component id="oc-16c">
         <name>.debug_info</name>
         <load_address>0x29984</load_address>
         <run_address>0x29984</run_address>
         <size>0x517</size>
         <input_file_ref idref="fl-3a"/>
      </object_component>
      <object_component id="oc-171">
         <name>.debug_info</name>
         <load_address>0x29e9b</load_address>
         <run_address>0x29e9b</run_address>
         <size>0x4f1</size>
         <input_file_ref idref="fl-3b"/>
      </object_component>
      <object_component id="oc-176">
         <name>.debug_info</name>
         <load_address>0x2a38c</load_address>
         <run_address>0x2a38c</run_address>
         <size>0x4d0</size>
         <input_file_ref idref="fl-3c"/>
      </object_component>
      <object_component id="oc-17b">
         <name>.debug_info</name>
         <load_address>0x2a85c</load_address>
         <run_address>0x2a85c</run_address>
         <size>0x7e1</size>
         <input_file_ref idref="fl-3d"/>
      </object_component>
      <object_component id="oc-182">
         <name>.debug_info</name>
         <load_address>0x2b03d</load_address>
         <run_address>0x2b03d</run_address>
         <size>0x5da</size>
         <input_file_ref idref="fl-3e"/>
      </object_component>
      <object_component id="oc-187">
         <name>.debug_info</name>
         <load_address>0x2b617</load_address>
         <run_address>0x2b617</run_address>
         <size>0x1bc</size>
         <input_file_ref idref="fl-3f"/>
      </object_component>
      <object_component id="oc-18c">
         <name>.debug_info</name>
         <load_address>0x2b7d3</load_address>
         <run_address>0x2b7d3</run_address>
         <size>0x10d</size>
         <input_file_ref idref="fl-40"/>
      </object_component>
      <object_component id="oc-190">
         <name>.debug_info</name>
         <load_address>0x2b8e0</load_address>
         <run_address>0x2b8e0</run_address>
         <size>0x659</size>
         <input_file_ref idref="fl-41"/>
      </object_component>
      <object_component id="oc-195">
         <name>.debug_info</name>
         <load_address>0x2bf39</load_address>
         <run_address>0x2bf39</run_address>
         <size>0x5c4</size>
         <input_file_ref idref="fl-42"/>
      </object_component>
      <object_component id="oc-19a">
         <name>.debug_info</name>
         <load_address>0x2c4fd</load_address>
         <run_address>0x2c4fd</run_address>
         <size>0x564</size>
         <input_file_ref idref="fl-43"/>
      </object_component>
      <object_component id="oc-19f">
         <name>.debug_info</name>
         <load_address>0x2ca61</load_address>
         <run_address>0x2ca61</run_address>
         <size>0x5bc</size>
         <input_file_ref idref="fl-44"/>
      </object_component>
      <object_component id="oc-1a4">
         <name>.debug_info</name>
         <load_address>0x2d01d</load_address>
         <run_address>0x2d01d</run_address>
         <size>0x601</size>
         <input_file_ref idref="fl-45"/>
      </object_component>
      <object_component id="oc-1aa">
         <name>.debug_info</name>
         <load_address>0x2d61e</load_address>
         <run_address>0x2d61e</run_address>
         <size>0x597</size>
         <input_file_ref idref="fl-46"/>
      </object_component>
      <object_component id="oc-1af">
         <name>.debug_info</name>
         <load_address>0x2dbb5</load_address>
         <run_address>0x2dbb5</run_address>
         <size>0x666</size>
         <input_file_ref idref="fl-47"/>
      </object_component>
      <object_component id="oc-1b4">
         <name>.debug_info</name>
         <load_address>0x2e21b</load_address>
         <run_address>0x2e21b</run_address>
         <size>0x5ba</size>
         <input_file_ref idref="fl-48"/>
      </object_component>
      <object_component id="oc-1b9">
         <name>.debug_info</name>
         <load_address>0x2e7d5</load_address>
         <run_address>0x2e7d5</run_address>
         <size>0x5b6</size>
         <input_file_ref idref="fl-49"/>
      </object_component>
      <object_component id="oc-1bf">
         <name>.debug_info</name>
         <load_address>0x2ed8b</load_address>
         <run_address>0x2ed8b</run_address>
         <size>0x19e</size>
         <input_file_ref idref="fl-4a"/>
      </object_component>
      <object_component id="oc-1c3">
         <name>.debug_info</name>
         <load_address>0x2ef29</load_address>
         <run_address>0x2ef29</run_address>
         <size>0x686</size>
         <input_file_ref idref="fl-4b"/>
      </object_component>
      <object_component id="oc-1c8">
         <name>.debug_info</name>
         <load_address>0x2f5af</load_address>
         <run_address>0x2f5af</run_address>
         <size>0x4c5</size>
         <input_file_ref idref="fl-4c"/>
      </object_component>
      <object_component id="oc-1cd">
         <name>.debug_info</name>
         <load_address>0x2fa74</load_address>
         <run_address>0x2fa74</run_address>
         <size>0x61e</size>
         <input_file_ref idref="fl-4d"/>
      </object_component>
      <object_component id="oc-1d2">
         <name>.debug_info</name>
         <load_address>0x30092</load_address>
         <run_address>0x30092</run_address>
         <size>0x5c6</size>
         <input_file_ref idref="fl-4e"/>
      </object_component>
      <object_component id="oc-1d8">
         <name>.debug_info</name>
         <load_address>0x30658</load_address>
         <run_address>0x30658</run_address>
         <size>0x8e1</size>
         <input_file_ref idref="fl-4f"/>
      </object_component>
      <object_component id="oc-1df">
         <name>.debug_info</name>
         <load_address>0x30f39</load_address>
         <run_address>0x30f39</run_address>
         <size>0xb20</size>
         <input_file_ref idref="fl-50"/>
      </object_component>
      <object_component id="oc-1e7">
         <name>.debug_info</name>
         <load_address>0x31a59</load_address>
         <run_address>0x31a59</run_address>
         <size>0x787</size>
         <input_file_ref idref="fl-51"/>
      </object_component>
      <object_component id="oc-1ee">
         <name>.debug_info</name>
         <load_address>0x321e0</load_address>
         <run_address>0x321e0</run_address>
         <size>0x6ed</size>
         <input_file_ref idref="fl-52"/>
      </object_component>
      <object_component id="oc-1f3">
         <name>.debug_info</name>
         <load_address>0x328cd</load_address>
         <run_address>0x328cd</run_address>
         <size>0x7c1</size>
         <input_file_ref idref="fl-53"/>
      </object_component>
      <object_component id="oc-1f8">
         <name>.debug_info</name>
         <load_address>0x3308e</load_address>
         <run_address>0x3308e</run_address>
         <size>0x41b</size>
         <input_file_ref idref="fl-54"/>
      </object_component>
      <object_component id="oc-1fd">
         <name>.debug_info</name>
         <load_address>0x334a9</load_address>
         <run_address>0x334a9</run_address>
         <size>0x507</size>
         <input_file_ref idref="fl-55"/>
      </object_component>
      <object_component id="oc-202">
         <name>.debug_info</name>
         <load_address>0x339b0</load_address>
         <run_address>0x339b0</run_address>
         <size>0x51a</size>
         <input_file_ref idref="fl-56"/>
      </object_component>
      <object_component id="oc-207">
         <name>.debug_info</name>
         <load_address>0x33eca</load_address>
         <run_address>0x33eca</run_address>
         <size>0x670</size>
         <input_file_ref idref="fl-57"/>
      </object_component>
      <object_component id="oc-20c">
         <name>.debug_info</name>
         <load_address>0x3453a</load_address>
         <run_address>0x3453a</run_address>
         <size>0x693</size>
         <input_file_ref idref="fl-58"/>
      </object_component>
      <object_component id="oc-2a4">
         <name>.debug_info</name>
         <load_address>0x34bcd</load_address>
         <run_address>0x34bcd</run_address>
         <size>0xa3</size>
      </object_component>
      <object_component id="oc-4e">
[...]
      </symbol>
      <symbol id="sm-257">
         <name>_DisableDog</name>
         <value>0x11db</value>
         <object_component_ref idref="oc-225"/>
      </symbol>
      <symbol id="sm-258">
         <name>_InitPeripheralClocks</name>
         <value>0x1231</value>
         <object_component_ref idref="oc-225"/>
      </symbol>
      <symbol id="sm-259">
         <name>_CsmUnlock</name>
         <value>0x1297</value>
         <object_component_ref idref="oc-225"/>
      </symbol>
      <symbol id="sm-25a">
         <name>_ServiceDog</name>
         <value>0x11d1</value>
         <object_component_ref idref="oc-225"/>
      </symbol>
      <symbol id="sm-25b">
         <name>_InitSysCtrl</name>
         <value>0x11c8</value>
         <object_component_ref idref="oc-225"/>
      </symbol>
      <symbol id="sm-267">
         <name>_DSP28x_usDelay</name>
         <value>0x8088</value>
         <object_component_ref idref="oc-a6"/>
      </symbol>
      <symbol id="sm-282">
         <name>_cpu_timer0_isr</name>
         <value>0x20eb</value>
         <object_component_ref idref="oc-ae"/>
      </symbol>
      <symbol id="sm-283">
         <name>_Timer_Prd</name>
         <value>0xc20a</value>
         <object_component_ref idref="oc-ad"/>
      </symbol>
      <symbol id="sm-284">
         <name>_Cpu_Clk</name>
         <value>0xc208</value>
         <object_component_ref idref="oc-ad"/>
      </symbol>
      <symbol id="sm-285">
         <name>_cal_Timer_Prd</name>
         <value>0x1df3</value>
         <object_component_ref idref="oc-229"/>
      </symbol>
      <symbol id="sm-293">
         <name>_main</name>
         <value>0x1ca9</value>
         <object_component_ref idref="oc-21d"/>
      </symbol>
      <symbol id="sm-2b0">
         <name>_c_int00</name>
         <value>0x1aaf</value>
         <object_component_ref idref="oc-4b"/>
      </symbol>
      <symbol id="sm-2b1">
         <name>__stack</name>
         <value>0x0</value>
         <object_component_ref idref="oc-b9"/>
      </symbol>
      <symbol id="sm-2c7">
         <name>_copy_in</name>
         <value>0x1ba6</value>
         <object_component_ref idref="oc-212"/>
      </symbol>
      <symbol id="sm-2d6">
         <name>_ppcopy</name>
         <value>0x2056</value>
         <object_component_ref idref="oc-c4"/>
      </symbol>
      <symbol id="sm-2d7">
         <name>_dpcopy</name>
         <value>0x2056</value>
         <object_component_ref idref="oc-c4"/>
      </symbol>
      <symbol id="sm-2d8">
         <name>_pdcopy</name>
         <value>0x2056</value>
         <object_component_ref idref="oc-c4"/>
      </symbol>
      <symbol id="sm-2d9">
         <name>_ddcopy</name>
         <value>0x2056</value>
         <object_component_ref idref="oc-c4"/>
      </symbol>
      <symbol id="sm-2ee">
         <name>C$$EXIT</name>
         <value>0x1ea5</value>
         <object_component_ref idref="oc-215"/>
      </symbol>
      <symbol id="sm-2ef">
         <name>_exit</name>
         <value>0x1ea7</value>
         <object_component_ref idref="oc-215"/>
      </symbol>
      <symbol id="sm-2f0">
         <name>___TI_cleanup_ptr</name>
         <value>0xc21e</value>
         <object_component_ref idref="oc-cb"/>
      </symbol>
      <symbol id="sm-2f1">
         <name>___TI_enable_exit_profile_output</name>
         <value>0xc21c</value>
         <object_component_ref idref="oc-cb"/>
      </symbol>
      <symbol id="sm-2f2">
         <name>_abort</name>
         <value>0x1ea5</value>
         <object_component_ref idref="oc-215"/>
      </symbol>
      <symbol id="sm-2f3">
         <name>___TI_dtors_ptr</name>
         <value>0xc220</value>
         <object_component_ref idref="oc-cb"/>
      </symbol>
      <symbol id="sm-300">
         <name>__system_pre_init</name>
         <value>0x218a</value>
         <object_component_ref idref="oc-211"/>
      </symbol>
      <symbol id="sm-311">
         <name>_printf</name>
         <value>0x1d61</value>
         <object_component_ref idref="oc-22c"/>
      </symbol>
      <symbol id="sm-31e">
         <name>__system_post_cinit</name>
         <value>0x15c7</value>
         <object_component_ref idref="oc-213"/>
      </symbol>
      <symbol id="sm-333">
         <name>__unlock</name>
         <value>0xc224</value>
         <object_component_ref idref="oc-222"/>
      </symbol>
      <symbol id="sm-334">
         <name>__lock</name>
         <value>0xc222</value>
         <object_component_ref idref="oc-21e"/>
      </symbol>
      <symbol id="sm-335">
         <name>__register_lock</name>
         <value>0x2164</value>
         <object_component_ref idref="oc-22a"/>
      </symbol>
      <symbol id="sm-336">
         <name>__nop</name>
         <value>0x2168</value>
         <object_component_ref idref="oc-22a"/>
      </symbol>
      <symbol id="sm-337">
         <name>__register_unlock</name>
         <value>0x2160</value>
         <object_component_ref idref="oc-22a"/>
      </symbol>
      <symbol id="sm-465">
         <name>___TI_printfi</name>
         <value>0xab4</value>
         <object_component_ref idref="oc-22f"/>
      </symbol>
      <symbol id="sm-475">
         <name>__args_main</name>
         <value>0x2070</value>
         <object_component_ref idref="oc-214"/>
      </symbol>
      <symbol id="sm-48a">
         <name>_atoi</name>
         <value>0x1dc2</value>
         <object_component_ref idref="oc-235"/>
      </symbol>
      <symbol id="sm-493">
         <name>__ctypes_</name>
         <value>0xd000</value>
         <object_component_ref idref="oc-23e"/>
      </symbol>
      <symbol id="sm-49f">
         <name>___TI_ft_end</name>
         <value>0xc000</value>
         <object_component_ref idref="oc-f9"/>
      </symbol>
      <symbol id="sm-4a0">
         <name>___TI_tmpnams</name>
         <value>0xc0c0</value>
         <object_component_ref idref="oc-f9"/>
      </symbol>
      <symbol id="sm-4a1">
         <name>__ftable</name>
         <value>0xc040</value>
         <object_component_ref idref="oc-f9"/>
      </symbol>
      <symbol id="sm-4b1">
         <name>FD$$CMP</name>
         <value>0x1e51</value>
         <object_component_ref idref="oc-fb"/>
      </symbol>
      <symbol id="sm-4c8">
         <name>FD$$DIV</name>
         <value>0x165c</value>
         <object_component_ref idref="oc-100"/>
      </symbol>
      <symbol id="sm-4da">
         <name>FD$$MPY</name>
         <value>0x1770</value>
         <object_component_ref idref="oc-105"/>
      </symbol>
      <symbol id="sm-4e7">
         <name>FD$$NEG</name>
         <value>0x2169</value>
         <object_component_ref idref="oc-10a"/>
      </symbol>
      <symbol id="sm-4f3">
         <name>FD$$SUB</name>
         <value>0x2123</value>
         <object_component_ref idref="oc-10f"/>
      </symbol>
      <symbol id="sm-502">
         <name>FD$$TOI</name>
         <value>0x1f67</value>
         <object_component_ref idref="oc-114"/>
      </symbol>
      <symbol id="sm-511">
         <name>FD$$TOL</name>
         <value>0x1f88</value>
         <object_component_ref idref="oc-119"/>
      </symbol>
      <symbol id="sm-525">
         <name>_putchar</name>
         <value>0x1b53</value>
         <object_component_ref idref="oc-22d"/>
      </symbol>
      <symbol id="sm-526">
         <name>_putc</name>
         <value>0x1b05</value>
         <object_component_ref idref="oc-22d"/>
      </symbol>
      <symbol id="sm-527">
         <name>_fputc</name>
         <value>0x1b05</value>
         <object_component_ref idref="oc-22d"/>
      </symbol>
      <symbol id="sm-545">
         <name>_puts</name>
         <value>0x1518</value>
         <object_component_ref idref="oc-22e"/>
      </symbol>
      <symbol id="sm-546">
         <name>_fputs</name>
         <value>0x147b</value>
         <object_component_ref idref="oc-22e"/>
      </symbol>
      <symbol id="sm-556">
         <name>FS$$TOFD</name>
         <value>0x201e</value>
         <object_component_ref idref="oc-129"/>
      </symbol>
      <symbol id="sm-566">
         <name>I$$TOFD</name>
         <value>0x2001</value>
         <object_component_ref idref="oc-12e"/>
      </symbol>
      <symbol id="sm-576">
         <name>L$$TOFD</name>
         <value>0x203a</value>
         <object_component_ref idref="oc-133"/>
      </symbol>
      <symbol id="sm-582">
         <name>LL$$AND</name>
         <value>0x20bb</value>
         <object_component_ref idref="oc-138"/>
      </symbol>
      <symbol id="sm-583">
         <name>LL$$OR</name>
         <value>0x20c3</value>
         <object_component_ref idref="oc-138"/>
      </symbol>
      <symbol id="sm-584">
         <name>LL$$XOR</name>
         <value>0x20cb</value>
         <object_component_ref idref="oc-138"/>
      </symbol>
      <symbol id="sm-592">
         <name>ULL$$CMP</name>
         <value>0x1fb9</value>
         <object_component_ref idref="oc-13d"/>
      </symbol>
      <symbol id="sm-593">
         <name>LL$$CMP</name>
         <value>0x1fa7</value>
         <object_component_ref idref="oc-13d"/>
      </symbol>
      <symbol id="sm-5bf">
         <name>ULL$$MOD</name>
         <value>0x1166</value>
         <object_component_ref idref="oc-142"/>
      </symbol>
      <symbol id="sm-5c0">
         <name>ULL$$DIV</name>
         <value>0x1137</value>
         <object_component_ref idref="oc-142"/>
      </symbol>
      <symbol id="sm-5c1">
         <name>LL$$MOD</name>
         <value>0x10fd</value>
         <object_component_ref idref="oc-142"/>
      </symbol>
      <symbol id="sm-5c2">
         <name>LL$$DIV</name>
         <value>0x10c1</value>
         <object_component_ref idref="oc-142"/>
      </symbol>
      <symbol id="sm-5d1">
         <name>_ltoa</name>
         <value>0x1e23</value>
         <object_component_ref idref="oc-236"/>
      </symbol>
      <symbol id="sm-5e1">
         <name>_memccpy</name>
         <value>0x2131</value>
         <object_component_ref idref="oc-23b"/>
      </symbol>
      <symbol id="sm-5f1">
         <name>_memchr</name>
         <value>0x2112</value>
         <object_component_ref idref="oc-233"/>
      </symbol>
      <symbol id="sm-603">
         <name>_memcpy</name>
         <value>0x1fc5</value>
         <object_component_ref idref="oc-234"/>
      </symbol>
      <symbol id="sm-612">
         <name>_memset</name>
         <value>0x213e</value>
         <object_component_ref idref="oc-23a"/>
      </symbol>
      <symbol id="sm-626">
         <name>_frexpl</name>
         <value>0x19fe</value>
         <object_component_ref idref="oc-237"/>
      </symbol>
      <symbol id="sm-644">
         <name>_scalbnl</name>
         <value>0x13bf</value>
         <object_component_ref idref="oc-238"/>
      </symbol>
      <symbol id="sm-645">
         <name>_ldexpl</name>
         <value>0x13bf</value>
         <object_component_ref idref="oc-238"/>
      </symbol>
      <symbol id="sm-655">
         <name>_strchr</name>
         <value>0x214a</value>
         <object_component_ref idref="oc-239"/>
      </symbol>
      <symbol id="sm-663">
         <name>_strcpy</name>
         <value>0x2182</value>
         <object_component_ref idref="oc-224"/>
      </symbol>
      <symbol id="sm-671">
         <name>_strlen</name>
         <value>0x217a</value>
         <object_component_ref idref="oc-220"/>
      </symbol>
      <symbol id="sm-685">
         <name>__device</name>
         <value>0xc1c0</value>
         <object_component_ref idref="oc-17d"/>
      </symbol>
      <symbol id="sm-686">
         <name>__stream</name>
         <value>0xc180</value>
         <object_component_ref idref="oc-17d"/>
      </symbol>
      <symbol id="sm-687">
         <name>_write</name>
         <value>0x20a2</value>
         <object_component_ref idref="oc-232"/>
      </symbol>
      <symbol id="sm-69f">
         <name>___TI_rd_ok</name>
         <value>0x1912</value>
         <object_component_ref idref="oc-230"/>
      </symbol>
      <symbol id="sm-6a0">
         <name>___TI_wrt_ok</name>
         <value>0x18d7</value>
         <object_component_ref idref="oc-230"/>
      </symbol>
      <symbol id="sm-6ab">
         <name>_errno</name>
         <value>0xc226</value>
         <object_component_ref idref="oc-189"/>
      </symbol>
      <symbol id="sm-6c6">
         <name>FD$$ADD</name>
         <value>0x152b</value>
         <object_component_ref idref="oc-18b"/>
      </symbol>
      <symbol id="sm-6dd">
         <name>___TI_doflush</name>
         <value>0x17f3</value>
         <object_component_ref idref="oc-231"/>
      </symbol>
      <symbol id="sm-6de">
         <name>_fflush</name>
         <value>0x1822</value>
         <object_component_ref idref="oc-231"/>
      </symbol>
      <symbol id="sm-6ef">
         <name>_fseek</name>
         <value>0x1ce6</value>
         <object_component_ref idref="oc-23c"/>
      </symbol>
      <symbol id="sm-6fc">
         <name>_HOSTclose</name>
         <value>0x1ece</value>
         <object_component_ref idref="oc-217"/>
      </symbol>
      <symbol id="sm-709">
         <name>_HOSTlseek</name>
         <value>0x193e</value>
         <object_component_ref idref="oc-21a"/>
      </symbol>
      <symbol id="sm-719">
         <name>_parmbuf</name>
         <value>0xc178</value>
         <object_component_ref idref="oc-1a5"/>
      </symbol>
      <symbol id="sm-71a">
         <name>_HOSTopen</name>
         <value>0x1bec</value>
         <object_component_ref idref="oc-216"/>
      </symbol>
      <symbol id="sm-728">
         <name>_HOSTread</name>
         <value>0x1c2c</value>
         <object_component_ref idref="oc-218"/>
      </symbol>
      <symbol id="sm-735">
         <name>_HOSTrename</name>
         <value>0x1c6b</value>
         <object_component_ref idref="oc-21c"/>
      </symbol>
      <symbol id="sm-742">
         <name>_HOSTunlink</name>
         <value>0x1f1f</value>
         <object_component_ref idref="oc-21b"/>
      </symbol>
      <symbol id="sm-750">
         <name>_HOSTwrite</name>
         <value>0x1d23</value>
         <object_component_ref idref="oc-219"/>
      </symbol>
      <symbol id="sm-75c">
         <name>UL$$MOD</name>
         <value>0x1e9f</value>
         <object_component_ref idref="oc-1be"/>
      </symbol>
      <symbol id="sm-75d">
         <name>L$$MOD</name>
         <value>0x1e8a</value>
         <object_component_ref idref="oc-1be"/>
      </symbol>
      <symbol id="sm-75e">
         <name>L$$DIV</name>
         <value>0x1e7b</value>
         <object_component_ref idref="oc-1be"/>
      </symbol>
      <symbol id="sm-75f">
         <name>UL$$DIV</name>
         <value>0x1e98</value>
         <object_component_ref idref="oc-1be"/>
      </symbol>
      <symbol id="sm-76d">
         <name>_lseek</name>
         <value>0x20d3</value>
         <object_component_ref idref="oc-240"/>
      </symbol>
      <symbol id="sm-77b">
         <name>_copysignl</name>
         <value>0x1f43</value>
         <object_component_ref idref="oc-23f"/>
      </symbol>
      <symbol id="sm-792">
         <name>_setvbuf</name>
         <value>0x16e7</value>
         <object_component_ref idref="oc-23d"/>
      </symbol>
      <symbol id="sm-7ac">
         <name>___TI_readmsg</name>
         <value>0x1620</value>
         <object_component_ref idref="oc-221"/>
      </symbol>
      <symbol id="sm-7ad">
         <name>C$$IO$$</name>
         <value>0x161b</value>
         <object_component_ref idref="oc-221"/>
      </symbol>
      <symbol id="sm-7ae">
         <name>__CIOBUF_</name>
         <value>0xc240</value>
         <object_component_ref idref="oc-1d3"/>
      </symbol>
      <symbol id="sm-7af">
         <name>___TI_writemsg</name>
         <value>0x15c8</value>
         <object_component_ref idref="oc-221"/>
      </symbol>
      <symbol id="sm-7e5">
         <name>_fopen</name>
         <value>0x1379</value>
         <object_component_ref idref="oc-242"/>
      </symbol>
      <symbol id="sm-7e6">
         <name>___TI_cleanup</name>
         <value>0x133e</value>
         <object_component_ref idref="oc-242"/>
      </symbol>
      <symbol id="sm-7e7">
         <name>_freopen</name>
         <value>0x135b</value>
         <object_component_ref idref="oc-242"/>
      </symbol>
      <symbol id="sm-82f">
         <name>__sys_memory</name>
         <value>0x400</value>
         <object_component_ref idref="oc-1e1"/>
      </symbol>
      <symbol id="sm-830">
         <name>_chkheap</name>
         <value>0x10a8</value>
         <object_component_ref idref="oc-241"/>
      </symbol>
      <symbol id="sm-831">
         <name>_realloc</name>
         <value>0xfb6</value>
         <object_component_ref idref="oc-241"/>
      </symbol>
      <symbol id="sm-832">
         <name>_free_memory</name>
         <value>0x108a</value>
         <object_component_ref idref="oc-241"/>
      </symbol>
      <symbol id="sm-833">
         <name>_max_free</name>
         <value>0x1068</value>
         <object_component_ref idref="oc-241"/>
      </symbol>
      <symbol id="sm-834">
         <name>_free</name>
         <value>0xeef</value>
         <object_component_ref idref="oc-241"/>
      </symbol>
      <symbol id="sm-835">
         <name>_calloc</name>
         <value>0x10aa</value>
         <object_component_ref idref="oc-241"/>
      </symbol>
      <symbol id="sm-836">
         <name>_malloc</name>
         <value>0xf58</value>
         <object_component_ref idref="oc-241"/>
      </symbol>
      <symbol id="sm-837">
         <name>_minit</name>
         <value>0xf33</value>
         <object_component_ref idref="oc-241"/>
      </symbol>
      <symbol id="sm-853">
         <name>_open</name>
         <value>0x1866</value>
         <object_component_ref idref="oc-243"/>
      </symbol>
      <symbol id="sm-865">
         <name>___TI_closefile</name>
         <value>0x199f</value>
         <object_component_ref idref="oc-244"/>
      </symbol>
      <symbol id="sm-866">
         <name>_fclose</name>
         <value>0x19e3</value>
         <object_component_ref idref="oc-244"/>
      </symbol>
      <symbol id="sm-879">
         <name>_finddevice</name>
         <value>0x1b58</value>
         <object_component_ref idref="oc-245"/>
      </symbol>
      <symbol id="sm-87a">
         <name>_getdevice</name>
         <value>0x1b74</value>
         <object_component_ref idref="oc-245"/>
      </symbol>
      <symbol id="sm-887">
         <name>_remove</name>
         <value>0x2187</value>
         <object_component_ref idref="oc-247"/>
      </symbol>
      <symbol id="sm-896">
         <name>_strcmp</name>
         <value>0x2156</value>
         <object_component_ref idref="oc-248"/>
      </symbol>
      <symbol id="sm-8a7">
         <name>_strncpy</name>
         <value>0x1fe3</value>
         <object_component_ref idref="oc-249"/>
      </symbol>
      <symbol id="sm-8b4">
         <name>_unlink</name>
         <value>0x2089</value>
         <object_component_ref idref="oc-24a"/>
      </symbol>
      <symbol id="sm-8c5">
         <name>_close</name>
         <value>0x1d8f</value>
         <object_component_ref idref="oc-246"/>
      </symbol>
   </symbol_table>
   <title>Link errors: red sections failed placement,available memory ranges in purple</title>
</link_info>
