******************************************************************************
             TMS320C2000 Linker PC v15.12.7                    
******************************************************************************
>> Linked Wed Jun 12 12:01:23 2019

OUTPUT FILE NAME:   <base_proj.out>
ENTRY POINT SYMBOL: "_c_int00"  address: 00008470


MEMORY CONFIGURATION

         name            origin    length      used     unused   attr    fill
----------------------  --------  ---------  --------  --------  ----  --------
PAGE 0:
  BEGIN                 00000000   00000002  00000002  00000000  RWIX
  RAMM                  00000050   000007b0  00000300  000004b0  RWIX
  RAML                  00008000   00008000  000008b2  0000774e  RWIX
  ZONE7A                00200000   0000fc00  00000000  0000fc00  RWIX
  CSM_RSVD              0033ff80   00000076  00000000  00000076  RWIX
  CSM_PWL               0033fff8   00000008  00000000  00000008  RWIX
  ADC_CAL               00380080   00000009  00000007  00000002  RWIX
  IQTABLES              003fe000   00000b50  00000000  00000b50  RWIX
  IQTABLES2             003feb50   0000008c  00000000  0000008c  RWIX
  FPUTABLES             003febdc   000006a0  00000000  000006a0  RWIX
  BOOTROM               003ff27c   00000d44  00000000  00000d44  RWIX
  RESET                 003fffc0   00000002  00000000  00000002  RWIX

PAGE 1:
  BOOT_RSVD             00000002   0000004e  00000000  0000004e  RWIX
  DEV_EMU               00000880   00000180  000000d0  000000b0  RWIX
  FLASH_REGS            00000a80   00000060  00000008  00000058  RWIX
  CSM                   00000ae0   00000010  00000010  00000000  RWIX
  ADC_MIRROR            00000b00   00000010  00000010  00000000  RWIX
  XINTF                 00000b20   00000020  0000001e  00000002  RWIX
  CPU_TIMER0            00000c00   00000008  00000008  00000000  RWIX
  CPU_TIMER1            00000c08   00000008  00000008  00000000  RWIX
  CPU_TIMER2            00000c10   00000008  00000008  00000000  RWIX
  PIE_CTRL              00000ce0   00000020  0000001a  00000006  RWIX
  PIE_VECT              00000d00   00000100  00000100  00000000  RWIX
  DMA                   00001000   00000200  000000e0  00000120  RWIX
  MCBSPA                00005000   00000040  00000025  0000001b  RWIX
  MCBSPB                00005040   00000040  00000025  0000001b  RWIX
  ECANA                 00006000   00000040  00000034  0000000c  RWIX
  ECANA_LAM             00006040   00000040  00000040  00000000  RWIX
  ECANA_MOTS            00006080   00000040  00000040  00000000  RWIX
  ECANA_MOTO            000060c0   00000040  00000040  00000000  RWIX
  ECANA_MBOX            00006100   00000100  00000100  00000000  RWIX
  ECANB                 00006200   00000040  00000034  0000000c  RWIX
  ECANB_LAM             00006240   00000040  00000040  00000000  RWIX
  ECANB_MOTS            00006280   00000040  00000040  00000000  RWIX
  ECANB_MOTO            000062c0   00000040  00000040  00000000  RWIX
  ECANB_MBOX            00006300   00000100  00000100  00000000  RWIX
  EPWM1                 00006800   00000022  00000022  00000000  RWIX
  EPWM2                 00006840   00000022  00000022  00000000  RWIX
  EPWM3                 00006880   00000022  00000022  00000000  RWIX
  EPWM4                 000068c0   00000022  00000022  00000000  RWIX
  EPWM5                 00006900   00000022  00000022  00000000  RWIX
  EPWM6                 00006940   00000022  00000022  00000000  RWIX
  ECAP1                 00006a00   00000020  00000020  00000000  RWIX
  ECAP2                 00006a20   00000020  00000020  00000000  RWIX
  ECAP3                 00006a40   00000020  00000020  00000000  RWIX
  ECAP4                 00006a60   00000020  00000020  00000000  RWIX
  ECAP5                 00006a80   00000020  00000020  00000000  RWIX
  ECAP6                 00006aa0   00000020  00000020  00000000  RWIX
  EQEP1                 00006b00   00000040  00000040  00000000  RWIX
  EQEP2                 00006b40   00000040  00000040  00000000  RWIX
  GPIOCTRL              00006f80   00000040  0000002e  00000012  RWIX
  GPIODAT               00006fc0   00000020  00000020  00000000  RWIX
  GPIOINT               00006fe0   00000020  0000000a  00000016  RWIX
  SYSTEM                00007010   00000020  00000020  00000000  RWIX
  SPIA                  00007040   00000010  00000010  00000000  RWIX
  SCIA                  00007050   00000010  00000010  00000000  RWIX
  XINTRUPT              00007070   00000010  00000010  00000000  RWIX
  ADC                   00007100   00000020  0000001e  00000002  RWIX
  SCIB                  00007750   00000010  00000010  00000000  RWIX
  SCIC                  00007770   00000010  00000010  00000000  RWIX
  I2CA                  00007900   00000040  00000022  0000001e  RWIX
  ZONE7B                0020fc00   00000400  00000000  00000400  RWIX
  CSM_PWL               0033fff8   00000008  00000008  00000000  RWIX
  PARTID                00380090   00000001  00000001  00000000  RWIX


SECTION ALLOCATION MAP

 output                                  attributes/
section   page    origin      length       input sections
--------  ----  ----------  ----------   ----------------
codestart 
*          0    00000000    00000002     
                  00000000    00000002     DSP2833x_CodeStartBranch.obj (codestart)

.stack     0    00000050    00000300     UNINITIALIZED
                  00000050    00000300     --HOLE--

.text      0    00008000    0000064a     
                  00008000    00000316     DSP2833x_DefaultIsr.obj (.text:retain)
                  00008316    000000fd     DSP2833x_SysCtrl.obj (.text)
                  00008413    0000005d     cpu0_timer.obj (.text)
                  00008470    00000056     rts2800_fpu32.lib : boot.obj (.text)
                  000084c6    00000053     main.obj (.text)
                  00008519    00000046     rts2800_fpu32.lib : cpy_tbl.obj (.text)
                  0000855f    00000034     DSP2833x_CpuTimers.obj (.text)
                  00008593    00000029     rts2800_fpu32.lib : exit.obj (.text)
                  000085bc    00000028     DSP2833x_PieCtrl.obj (.text)
                  000085e4    0000001a     rts2800_fpu32.lib : cpy_utils.obj (.text)
                  000085fe    00000019                       : args_main.obj (.text)
                  00008617    00000016     cpu0_timer.obj (.text:retain)
                  0000862d    00000011     DSP2833x_PieVect.obj (.text)
                  0000863e    00000008     DSP2833x_CodeStartBranch.obj (.text)
                  00008646    00000002     rts2800_fpu32.lib : pre_init.obj (.text)
                  00008648    00000001                       : _lock.obj (.text)
                  00008649    00000001                       : startup.obj (.text)

.econst    0    0000864a    00000202     
                  0000864a    00000101     rts2800_fpu32.lib : ctype.obj (.econst:.string:__ctypes_)
                  0000874b    00000001     --HOLE-- [fill = 0]
                  0000874c    00000100     DSP2833x_PieVect.obj (.econst:_PieVectTableInit)

.ebss      0    0000884c    00000032     UNINITIALIZED
                  0000884c    00000018     DSP2833x_CpuTimers.obj (.ebss)
                  00008864    00000010     cpu0_timer.obj (.ebss)
                  00008874    00000006     rts2800_fpu32.lib : exit.obj (.ebss)
                  0000887a    00000002                       : _lock.obj (.ebss:__lock)
                  0000887c    00000002                       : _lock.obj (.ebss:__unlock)

.cinit     0    0000887e    00000030     
                  0000887e    00000016     <whole-program> (.cinit)
                  00008894    0000000e     rts2800_fpu32.lib : exit.obj (.cinit)
                  000088a2    00000005     <whole-program> (.cinit:__lock)
                  000088a7    00000005     <whole-program> (.cinit:__unlock)
                  000088ac    00000002     --HOLE-- [fill = 0]

ramfuncs   0    000088ae    00000004     
                  000088ae    00000004     DSP2833x_usDelay.obj (ramfuncs)

.pinit     0    00008000    00000000     UNINITIALIZED

.reset     0    003fffc0    00000002     DSECT
                  003fffc0    00000002     rts2800_fpu32.lib : boot.obj (.reset)

csm_rsvd   0    0033ff80    00000000     DSECT

csmpasswds 
*          0    0033fff8    00000000     DSECT

.adc_cal   0    00380080    00000007     NOLOAD SECTION
                  00380080    00000007     DSP2833x_ADC_cal.obj (.adc_cal)

DevEmuRegsFile 
*          1    00000880    000000d0     UNINITIALIZED
                  00000880    000000d0     DSP2833x_GlobalVariableDefs.obj (DevEmuRegsFile)

FlashRegsFile 
*          1    00000a80    00000008     UNINITIALIZED
                  00000a80    00000008     DSP2833x_GlobalVariableDefs.obj (FlashRegsFile)

CsmRegsFile 
*          1    00000ae0    00000010     UNINITIALIZED
                  00000ae0    00000010     DSP2833x_GlobalVariableDefs.obj (CsmRegsFile)

AdcMirrorFile 
*          1    00000b00    00000010     UNINITIALIZED
                  00000b00    00000010     DSP2833x_GlobalVariableDefs.obj (AdcMirrorFile)

XintfRegsFile 
*          1    00000b20    0000001e     UNINITIALIZED
                  00000b20    0000001e     DSP2833x_GlobalVariableDefs.obj (XintfRegsFile)

CpuTimer0RegsFile 
*          1    00000c00    00000008     UNINITIALIZED
                  00000c00    00000008     DSP2833x_GlobalVariableDefs.obj (CpuTimer0RegsFile)

CpuTimer1RegsFile 
*          1    00000c08    00000008     UNINITIALIZED
                  00000c08    00000008     DSP2833x_GlobalVariableDefs.obj (CpuTimer1RegsFile)

CpuTimer2RegsFile 
*          1    00000c10    00000008     UNINITIALIZED
                  00000c10    00000008     DSP2833x_GlobalVariableDefs.obj (CpuTimer2RegsFile)

PieCtrlRegsFile 
*          1    00000ce0    0000001a     UNINITIALIZED
                  00000ce0    0000001a     DSP2833x_GlobalVariableDefs.obj (PieCtrlRegsFile)

PieVectTableFile 
*          1    00000d00    00000100     UNINITIALIZED
                  00000d00    00000100     DSP2833x_GlobalVariableDefs.obj (PieVectTableFile)

DmaRegsFile 
*          1    00001000    000000e0     UNINITIALIZED
                  00001000    000000e0     DSP2833x_GlobalVariableDefs.obj (DmaRegsFile)

McbspaRegsFile 
*          1    00005000    00000025     UNINITIALIZED
                  00005000    00000025     DSP2833x_GlobalVariableDefs.obj (McbspaRegsFile)

McbspbRegsFile 
*          1    00005040    00000025     UNINITIALIZED
                  00005040    00000025     DSP2833x_GlobalVariableDefs.obj (McbspbRegsFile)

ECanaRegsFile 
*          1    00006000    00000034     UNINITIALIZED
                  00006000    00000034     DSP2833x_GlobalVariableDefs.obj (ECanaRegsFile)

ECanaLAMRegsFile 
*          1    00006040    00000040     UNINITIALIZED
                  00006040    00000040     DSP2833x_GlobalVariableDefs.obj (ECanaLAMRegsFile)

ECanaMOTSRegsFile 
*          1    00006080    00000040     UNINITIALIZED
                  00006080    00000040     DSP2833x_GlobalVariableDefs.obj (ECanaMOTSRegsFile)

ECanaMOTORegsFile 
*          1    000060c0    00000040     UNINITIALIZED
                  000060c0    00000040     DSP2833x_GlobalVariableDefs.obj (ECanaMOTORegsFile)

ECanaMboxesFile 
*          1    00006100    00000100     UNINITIALIZED
                  00006100    00000100     DSP2833x_GlobalVariableDefs.obj (ECanaMboxesFile)

ECanbRegsFile 
*          1    00006200    00000034     UNINITIALIZED
                  00006200    00000034     DSP2833x_GlobalVariableDefs.obj (ECanbRegsFile)

ECanbLAMRegsFile 
*          1    00006240    00000040     UNINITIALIZED
                  00006240    00000040     DSP2833x_GlobalVariableDefs.obj (ECanbLAMRegsFile)

ECanbMOTSRegsFile 
*          1    00006280    00000040     UNINITIALIZED
                  00006280    00000040     DSP2833x_GlobalVariableDefs.obj (ECanbMOTSRegsFile)

ECanbMOTORegsFile 
*          1    000062c0    00000040     UNINITIALIZED
                  000062c0    00000040     DSP2833x_GlobalVariableDefs.obj (ECanbMOTORegsFile)

ECanbMboxesFile 
*          1    00006300    00000100     UNINITIALIZED
                  00006300    00000100     DSP2833x_GlobalVariableDefs.obj (ECanbMboxesFile)

EPwm1RegsFile 
*          1    00006800    00000022     UNINITIALIZED
                  00006800    00000022     DSP2833x_GlobalVariableDefs.obj (EPwm1RegsFile)

EPwm2RegsFile 
*          1    00006840    00000022     UNINITIALIZED
                  00006840    00000022     DSP2833x_GlobalVariableDefs.obj (EPwm2RegsFile)

EPwm3RegsFile 
*          1    00006880    00000022     UNINITIALIZED
                  00006880    00000022     DSP2833x_GlobalVariableDefs.obj (EPwm3RegsFile)

EPwm4RegsFile 
*          1    000068c0    00000022     UNINITIALIZED
                  000068c0    00000022     DSP2833x_GlobalVariableDefs.obj (EPwm4RegsFile)

EPwm5RegsFile 
*          1    00006900    00000022     UNINITIALIZED
                  00006900    00000022     DSP2833x_GlobalVariableDefs.obj (EPwm5RegsFile)

EPwm6RegsFile 
*          1    00006940    00000022     UNINITIALIZED
                  00006940    00000022     DSP2833x_GlobalVariableDefs.obj (EPwm6RegsFile)

ECap1RegsFile 
*          1    00006a00    00000020     UNINITIALIZED
                  00006a00    00000020     DSP2833x_GlobalVariableDefs.obj (ECap1RegsFile)

ECap2RegsFile 
*          1    00006a20    00000020     UNINITIALIZED
                  00006a20    00000020     DSP2833x_GlobalVariableDefs.obj (ECap2RegsFile)

ECap3RegsFile 
*          1    00006a40    00000020     UNINITIALIZED
                  00006a40    00000020     DSP2833x_GlobalVariableDefs.obj (ECap3RegsFile)

ECap4RegsFile 
*          1    00006a60    00000020     UNINITIALIZED
                  00006a60    00000020     DSP2833x_GlobalVariableDefs.obj (ECap4RegsFile)

ECap5RegsFile 
*          1    00006a80    00000020     UNINITIALIZED
                  00006a80    00000020     DSP2833x_GlobalVariableDefs.obj (ECap5RegsFile)

ECap6RegsFile 
*          1    00006aa0    00000020     UNINITIALIZED
                  00006aa0    00000020     DSP2833x_GlobalVariableDefs.obj (ECap6RegsFile)

EQep1RegsFile 
*          1    00006b00    00000040     UNINITIALIZED
                  00006b00    00000040     DSP2833x_GlobalVariableDefs.obj (EQep1RegsFile)

EQep2RegsFile 
*          1    00006b40    00000040     UNINITIALIZED
                  00006b40    00000040     DSP2833x_GlobalVariableDefs.obj (EQep2RegsFile)

GpioCtrlRegsFile 
*          1    00006f80    0000002e     UNINITIALIZED
                  00006f80    0000002e     DSP2833x_GlobalVariableDefs.obj (GpioCtrlRegsFile)

GpioDataRegsFile 
*          1    00006fc0    00000020     UNINITIALIZED
                  00006fc0    00000020     DSP2833x_GlobalVariableDefs.obj (GpioDataRegsFile)

GpioIntRegsFile 
*          1    00006fe0    0000000a     UNINITIALIZED
                  00006fe0    0000000a     DSP2833x_GlobalVariableDefs.obj (GpioIntRegsFile)

SysCtrlRegsFile 
*          1    00007010    00000020     UNINITIALIZED
                  00007010    00000020     DSP2833x_GlobalVariableDefs.obj (SysCtrlRegsFile)

SpiaRegsFile 
*          1    00007040    00000010     UNINITIALIZED
                  00007040    00000010     DSP2833x_GlobalVariableDefs.obj (SpiaRegsFile)

SciaRegsFile 
*          1    00007050    00000010     UNINITIALIZED
                  00007050    00000010     DSP2833x_GlobalVariableDefs.obj (SciaRegsFile)

XIntruptRegsFile 
*          1    00007070    00000010     UNINITIALIZED
                  00007070    00000010     DSP2833x_GlobalVariableDefs.obj (XIntruptRegsFile)

AdcRegsFile 
*          1    00007100    0000001e     UNINITIALIZED
                  00007100    0000001e     DSP2833x_GlobalVariableDefs.obj (AdcRegsFile)

ScibRegsFile 
*          1    00007750    00000010     UNINITIALIZED
                  00007750    00000010     DSP2833x_GlobalVariableDefs.obj (ScibRegsFile)

ScicRegsFile 
*          1    00007770    00000010     UNINITIALIZED
                  00007770    00000010     DSP2833x_GlobalVariableDefs.obj (ScicRegsFile)

I2caRegsFile 
*          1    00007900    00000022     UNINITIALIZED
                  00007900    00000022     DSP2833x_GlobalVariableDefs.obj (I2caRegsFile)

CsmPwlFile 
*          1    0033fff8    00000008     UNINITIALIZED
                  0033fff8    00000008     DSP2833x_GlobalVariableDefs.obj (CsmPwlFile)

PartIdRegsFile 
*          1    00380090    00000001     UNINITIALIZED
                  00380090    00000001     DSP2833x_GlobalVariableDefs.obj (PartIdRegsFile)

MODULE SUMMARY

       Module                                   code   ro data   rw data
       ------                                   ----   -------   -------
    .\_lib\
       DSP2833x_GlobalVariableDefs.obj          0      0         2679   
       DSP2833x_DefaultIsr.obj                  790    0         0      
       DSP2833x_PieVect.obj                     17     0         256    
       DSP2833x_SysCtrl.obj                     253    0         0      
       DSP2833x_CpuTimers.obj                   52     0         24     
       DSP2833x_PieCtrl.obj                     40     0         0      
       DSP2833x_CodeStartBranch.obj             10     0         0      
       DSP2833x_ADC_cal.obj                     7      0         0      
       DSP2833x_usDelay.obj                     4      0         0      
    +--+----------------------------------------+------+---------+---------+
       Total:                                   1173   0         2959   
                                                                        
    .\src\
       cpu0_timer.obj                           115    0         16     
       main.obj                                 83     0         0      
    +--+----------------------------------------+------+---------+---------+
       Total:                                   198    0         16     
                                                                        
    C:\Users\JJang\AppData\Local\Temp\
       {37BDEBE7-418F-4579-9925-D27CAD653818}   0      0         32     
    +--+----------------------------------------+------+---------+---------+
       Total:                                   0      0         32     
                                                                        
    C:\ti\ccsv6\tools\compiler\ti-cgt-c2000_15.12.7.LTS\lib\rts2800_fpu32.lib
       ctype.obj                                0      0         257    
       boot.obj                                 86     0         0      
       cpy_tbl.obj                              70     0         0      
       exit.obj                                 41     0         20     
       cpy_utils.obj                            26     0         0      
       args_main.obj                            25     0         0      
       _lock.obj                                1      0         4      
       pre_init.obj                             2      0         0      
       startup.obj                              1      0         0      
    +--+----------------------------------------+------+---------+---------+
       Total:                                   252    0         281    
                                                                        
       Stack:                                   0      0         768    
    +--+----------------------------------------+------+---------+---------+
       Grand Total:                             1623   0         4056   


GLOBAL DATA SYMBOLS: SORTED BY DATA PAGE

address     data page           name
--------    ----------------    ----
00000050       1 (00000040)     __stack

00000880      22 (00000880)     _DevEmuRegs

00000a80      2a (00000a80)     _FlashRegs

00000ae0      2b (00000ac0)     _CsmRegs

00000b00      2c (00000b00)     _AdcMirror
00000b20      2c (00000b00)     _XintfRegs

00000c00      30 (00000c00)     _CpuTimer0Regs
00000c08      30 (00000c00)     _CpuTimer1Regs
00000c10      30 (00000c00)     _CpuTimer2Regs

00000ce0      33 (00000cc0)     _PieCtrlRegs

00000d00      34 (00000d00)     _PieVectTable

00001000      40 (00001000)     _DmaRegs

00005000     140 (00005000)     _McbspaRegs

00005040     141 (00005040)     _McbspbRegs

00006000     180 (00006000)     _ECanaRegs

00006040     181 (00006040)     _ECanaLAMRegs

00006080     182 (00006080)     _ECanaMOTSRegs

000060c0     183 (000060c0)     _ECanaMOTORegs

00006100     184 (00006100)     _ECanaMboxes

00006200     188 (00006200)     _ECanbRegs

00006240     189 (00006240)     _ECanbLAMRegs

00006280     18a (00006280)     _ECanbMOTSRegs

000062c0     18b (000062c0)     _ECanbMOTORegs

00006300     18c (00006300)     _ECanbMboxes

00006800     1a0 (00006800)     _EPwm1Regs

00006840     1a1 (00006840)     _EPwm2Regs

00006880     1a2 (00006880)     _EPwm3Regs

000068c0     1a3 (000068c0)     _EPwm4Regs

00006900     1a4 (00006900)     _EPwm5Regs

00006940     1a5 (00006940)     _EPwm6Regs

00006a00     1a8 (00006a00)     _ECap1Regs
00006a20     1a8 (00006a00)     _ECap2Regs

00006a40     1a9 (00006a40)     _ECap3Regs
00006a60     1a9 (00006a40)     _ECap4Regs

00006a80     1aa (00006a80)     _ECap5Regs
00006aa0     1aa (00006a80)     _ECap6Regs

00006b00     1ac (00006b00)     _EQep1Regs

00006b40     1ad (00006b40)     _EQep2Regs

00006f80     1be (00006f80)     _GpioCtrlRegs

00006fc0     1bf (00006fc0)     _GpioDataRegs
00006fe0     1bf (00006fc0)     _GpioIntRegs

00007010     1c0 (00007000)     _SysCtrlRegs

00007040     1c1 (00007040)     _SpiaRegs
00007050     1c1 (00007040)     _SciaRegs
00007070     1c1 (00007040)     _XIntruptRegs

00007100     1c4 (00007100)     _AdcRegs

00007750     1dd (00007740)     _ScibRegs
00007770     1dd (00007740)     _ScicRegs

00007900     1e4 (00007900)     _I2caRegs

0000864a     219 (00008640)     __ctypes_

0000874c     21d (00008740)     _PieVectTableInit

0000884c     221 (00008840)     _CpuTimer2
00008854     221 (00008840)     _CpuTimer0
0000885c     221 (00008840)     _CpuTimer1
00008864     221 (00008840)     _Cpu_Clk
00008866     221 (00008840)     _Cpu_Prd
00008868     221 (00008840)     _Cpu_cnt
0000886a     221 (00008840)     _Timer_Prd
00008874     221 (00008840)     ___TI_enable_exit_profile_output
00008876     221 (00008840)     ___TI_cleanup_ptr
00008878     221 (00008840)     ___TI_dtors_ptr
0000887a     221 (00008840)     __lock
0000887c     221 (00008840)     __unlock

0033fff8    cfff (0033ffc0)     _CsmPwl

00380090    e002 (00380080)     _PartIdRegs


GLOBAL SYMBOLS: SORTED ALPHABETICALLY BY Name 

page  address   name                            
----  -------   ----                            
0     00008000  .text                           
0     00008593  C$$EXIT                         
0     0000830c  _ADCINT_ISR                     
0     00380080  _ADC_cal                        
1     00000b00  _AdcMirror                      
1     00007100  _AdcRegs                        
0     00008572  _ConfigCpuTimer                 
0     00008854  _CpuTimer0                      
1     00000c00  _CpuTimer0Regs                  
0     0000885c  _CpuTimer1                      
1     00000c08  _CpuTimer1Regs                  
0     0000884c  _CpuTimer2                      
1     00000c10  _CpuTimer2Regs                  
0     00008864  _Cpu_Clk                        
0     00008866  _Cpu_Prd                        
0     00008868  _Cpu_cnt                        
1     0033fff8  _CsmPwl                         
1     00000ae0  _CsmRegs                        
0     000083e5  _CsmUnlock                      
0     00008302  _DATALOG_ISR                    
0     000082f8  _DINTCH1_ISR                    
0     000082ee  _DINTCH2_ISR                    
0     000082e4  _DINTCH3_ISR                    
0     000082da  _DINTCH4_ISR                    
0     000082d0  _DINTCH5_ISR                    
0     000082c6  _DINTCH6_ISR                    
0     000088ae  _DSP28x_usDelay                 
1     00000880  _DevEmuRegs                     
0     00008320  _DisableDog                     
1     00001000  _DmaRegs                        
0     000082bc  _ECAN0INTA_ISR                  
0     000082b2  _ECAN0INTB_ISR                  
0     000082a8  _ECAN1INTA_ISR                  
0     0000829e  _ECAN1INTB_ISR                  
0     00008294  _ECAP1_INT_ISR                  
0     0000828a  _ECAP2_INT_ISR                  
0     00008280  _ECAP3_INT_ISR                  
0     00008276  _ECAP4_INT_ISR                  
0     0000826c  _ECAP5_INT_ISR                  
0     00008262  _ECAP6_INT_ISR                  
1     00006040  _ECanaLAMRegs                   
1     000060c0  _ECanaMOTORegs                  
1     00006080  _ECanaMOTSRegs                  
1     00006100  _ECanaMboxes                    
1     00006000  _ECanaRegs                      
1     00006240  _ECanbLAMRegs                   
1     000062c0  _ECanbMOTORegs                  
1     00006280  _ECanbMOTSRegs                  
1     00006300  _ECanbMboxes                    
1     00006200  _ECanbRegs                      
1     00006a00  _ECap1Regs                      
1     00006a20  _ECap2Regs                      
1     00006a40  _ECap3Regs                      
1     00006a60  _ECap4Regs                      
1     00006a80  _ECap5Regs                      
1     00006aa0  _ECap6Regs                      
0     00008258  _EMUINT_ISR                     
0     0000824e  _EPWM1_INT_ISR                  
0     00008244  _EPWM1_TZINT_ISR                
0     0000823a  _EPWM2_INT_ISR                  
0     00008230  _EPWM2_TZINT_ISR                
0     00008226  _EPWM3_INT_ISR                  
0     0000821c  _EPWM3_TZINT_ISR                
0     00008212  _EPWM4_INT_ISR                  
0     00008208  _EPWM4_TZINT_ISR                
0     000081fe  _EPWM5_INT_ISR                  
0     000081f4  _EPWM5_TZINT_ISR                
0     000081ea  _EPWM6_INT_ISR                  
0     000081e0  _EPWM6_TZINT_ISR                
1     00006800  _EPwm1Regs                      
1     00006840  _EPwm2Regs                      
1     00006880  _EPwm3Regs                      
1     000068c0  _EPwm4Regs                      
1     00006900  _EPwm5Regs                      
1     00006940  _EPwm6Regs                      
0     000081d6  _EQEP1_INT_ISR                  
0     000081cc  _EQEP2_INT_ISR                  
1     00006b00  _EQep1Regs                      
1     00006b40  _EQep2Regs                      
0     000085db  _EnableInterrupts               
1     00000a80  _FlashRegs                      
1     00006f80  _GpioCtrlRegs                   
1     00006fc0  _GpioDataRegs                   
1     00006fe0  _GpioIntRegs                    
0     000081c2  _I2CINT1A_ISR                   
0     000081b8  _I2CINT2A_ISR                   
1     00007900  _I2caRegs                       
0     000081ae  _ILLEGAL_ISR                    
0     000081a4  _INT13_ISR                      
0     0000819a  _INT14_ISR                      
0     0000855f  _InitCpuTimers                  
0     00008376  _InitPeripheralClocks           
0     000085bc  _InitPieCtrl                    
0     0000862d  _InitPieVectTable               
0     00008328  _InitPll                        
0     000083dc  _InitSysCtrl                    
0     00008190  _LUF_ISR                        
0     00008186  _LVF_ISR                        
0     0000817c  _MRINTA_ISR                     
0     00008172  _MRINTB_ISR                     
0     00008168  _MXINTA_ISR                     
0     0000815e  _MXINTB_ISR                     
1     00005000  _McbspaRegs                     
1     00005040  _McbspbRegs                     
0     00008154  _NMI_ISR                        
0     0000814a  _PIE_RESERVED                   
1     00380090  _PartIdRegs                     
1     00000ce0  _PieCtrlRegs                    
1     00000d00  _PieVectTable                   
0     0000874c  _PieVectTableInit               
0     00008140  _RTOSINT_ISR                    
0     00008136  _SCIRXINTA_ISR                  
0     0000812c  _SCIRXINTB_ISR                  
0     00008122  _SCIRXINTC_ISR                  
0     00008118  _SCITXINTA_ISR                  
0     0000810e  _SCITXINTB_ISR                  
0     00008104  _SCITXINTC_ISR                  
0     000080fa  _SEQ1INT_ISR                    
0     000080f0  _SEQ2INT_ISR                    
0     000080e6  _SPIRXINTA_ISR                  
0     000080dc  _SPITXINTA_ISR                  
1     00007050  _SciaRegs                       
1     00007750  _ScibRegs                       
1     00007770  _ScicRegs                       
0     00008316  _ServiceDog                     
1     00007040  _SpiaRegs                       
1     00007010  _SysCtrlRegs                    
0     000080d2  _TINT0_ISR                      
0     0000886a  _Timer_Prd                      
0     000080c8  _USER10_ISR                     
0     000080be  _USER11_ISR                     
0     000080b4  _USER12_ISR                     
0     000080aa  _USER1_ISR                      
0     000080a0  _USER2_ISR                      
0     00008096  _USER3_ISR                      
0     0000808c  _USER4_ISR                      
0     00008082  _USER5_ISR                      
0     00008078  _USER6_ISR                      
0     0000806e  _USER7_ISR                      
0     00008064  _USER8_ISR                      
0     0000805a  _USER9_ISR                      
0     00008050  _WAKEINT_ISR                    
0     00008046  _XINT1_ISR                      
0     0000803c  _XINT2_ISR                      
0     00008032  _XINT3_ISR                      
0     00008028  _XINT4_ISR                      
0     0000801e  _XINT5_ISR                      
0     00008014  _XINT6_ISR                      
0     0000800a  _XINT7_ISR                      
1     00007070  _XIntruptRegs                   
1     00000b20  _XintfRegs                      
0     00000350  __STACK_END                     
abs   00000300  __STACK_SIZE                    
0     00008876  ___TI_cleanup_ptr               
0     00008878  ___TI_dtors_ptr                 
0     00008874  ___TI_enable_exit_profile_output
abs   ffffffff  ___TI_pprof_out_hndl            
abs   ffffffff  ___TI_prof_data_size            
abs   ffffffff  ___TI_prof_data_start           
abs   ffffffff  ___binit__                      
abs   ffffffff  ___c_args__                     
0     0000887e  ___cinit__                      
0     0000864a  ___etext__                      
abs   ffffffff  ___pinit__                      
0     00008000  ___text__                       
0     000085fe  __args_main                     
0     0000864a  __ctypes_                       
0     0000887a  __lock                          
0     00008648  __nop                           
0     00000050  __stack                         
0     00008649  __system_post_cinit             
0     00008646  __system_pre_init               
0     0000887c  __unlock                        
0     00008593  _abort                          
0     00008470  _c_int00                        
0     00008413  _cal_Timer_Prd                  
0     00008519  _copy_in                        
0     00008617  _cpu_timer0_isr                 
0     000085e4  _ddcopy                         
0     000085e4  _dpcopy                         
0     00008595  _exit                           
0     000084c6  _main                           
0     000085e4  _pdcopy                         
0     000085e4  _ppcopy                         
0     00008000  _rsvd_ISR                       
abs   ffffffff  binit                           
0     0000887e  cinit                           
0     00000000  code_start                      
0     0000864a  etext                           
abs   ffffffff  pinit                           


GLOBAL SYMBOLS: SORTED BY Symbol Address 

page  address   name                            
----  -------   ----                            
0     00000000  code_start                      
0     00000050  __stack                         
0     00000350  __STACK_END                     
0     00008000  .text                           
0     00008000  ___text__                       
0     00008000  _rsvd_ISR                       
0     0000800a  _XINT7_ISR                      
0     00008014  _XINT6_ISR                      
0     0000801e  _XINT5_ISR                      
0     00008028  _XINT4_ISR                      
0     00008032  _XINT3_ISR                      
0     0000803c  _XINT2_ISR                      
0     00008046  _XINT1_ISR                      
0     00008050  _WAKEINT_ISR                    
0     0000805a  _USER9_ISR                      
0     00008064  _USER8_ISR                      
0     0000806e  _USER7_ISR                      
0     00008078  _USER6_ISR                      
0     00008082  _USER5_ISR                      
0     0000808c  _USER4_ISR                      
0     00008096  _USER3_ISR                      
0     000080a0  _USER2_ISR                      
0     000080aa  _USER1_ISR                      
0     000080b4  _USER12_ISR                     
0     000080be  _USER11_ISR                     
0     000080c8  _USER10_ISR                     
0     000080d2  _TINT0_ISR                      
0     000080dc  _SPITXINTA_ISR                  
0     000080e6  _SPIRXINTA_ISR                  
0     000080f0  _SEQ2INT_ISR                    
0     000080fa  _SEQ1INT_ISR                    
0     00008104  _SCITXINTC_ISR                  
0     0000810e  _SCITXINTB_ISR                  
0     00008118  _SCITXINTA_ISR                  
0     00008122  _SCIRXINTC_ISR                  
0     0000812c  _SCIRXINTB_ISR                  
0     00008136  _SCIRXINTA_ISR                  
0     00008140  _RTOSINT_ISR                    
0     0000814a  _PIE_RESERVED                   
0     00008154  _NMI_ISR                        
0     0000815e  _MXINTB_ISR                     
0     00008168  _MXINTA_ISR                     
0     00008172  _MRINTB_ISR                     
0     0000817c  _MRINTA_ISR                     
0     00008186  _LVF_ISR                        
0     00008190  _LUF_ISR                        
0     0000819a  _INT14_ISR                      
0     000081a4  _INT13_ISR                      
0     000081ae  _ILLEGAL_ISR                    
0     000081b8  _I2CINT2A_ISR                   
0     000081c2  _I2CINT1A_ISR                   
0     000081cc  _EQEP2_INT_ISR                  
0     000081d6  _EQEP1_INT_ISR                  
0     000081e0  _EPWM6_TZINT_ISR                
0     000081ea  _EPWM6_INT_ISR                  
0     000081f4  _EPWM5_TZINT_ISR                
0     000081fe  _EPWM5_INT_ISR                  
0     00008208  _EPWM4_TZINT_ISR                
0     00008212  _EPWM4_INT_ISR                  
0     0000821c  _EPWM3_TZINT_ISR                
0     00008226  _EPWM3_INT_ISR                  
0     00008230  _EPWM2_TZINT_ISR                
0     0000823a  _EPWM2_INT_ISR                  
0     00008244  _EPWM1_TZINT_ISR                
0     0000824e  _EPWM1_INT_ISR                  
0     00008258  _EMUINT_ISR                     
0     00008262  _ECAP6_INT_ISR                  
0     0000826c  _ECAP5_INT_ISR                  
0     00008276  _ECAP4_INT_ISR                  
0     00008280  _ECAP3_INT_ISR                  
0     0000828a  _ECAP2_INT_ISR                  
0     00008294  _ECAP1_INT_ISR                  
0     0000829e  _ECAN1INTB_ISR                  
0     000082a8  _ECAN1INTA_ISR                  
0     000082b2  _ECAN0INTB_ISR                  
0     000082bc  _ECAN0INTA_ISR                  
0     000082c6  _DINTCH6_ISR                    
0     000082d0  _DINTCH5_ISR                    
0     000082da  _DINTCH4_ISR                    
0     000082e4  _DINTCH3_ISR                    
0     000082ee  _DINTCH2_ISR                    
0     000082f8  _DINTCH1_ISR                    
0     00008302  _DATALOG_ISR                    
0     0000830c  _ADCINT_ISR                     
0     00008316  _ServiceDog                     
0     00008320  _DisableDog                     
0     00008328  _InitPll                        
0     00008376  _InitPeripheralClocks           
0     000083dc  _InitSysCtrl                    
0     000083e5  _CsmUnlock                      
0     00008413  _cal_Timer_Prd                  
0     00008470  _c_int00                        
0     000084c6  _main                           
0     00008519  _copy_in                        
0     0000855f  _InitCpuTimers                  
0     00008572  _ConfigCpuTimer                 
0     00008593  C$$EXIT                         
0     00008593  _abort                          
0     00008595  _exit                           
0     000085bc  _InitPieCtrl                    
0     000085db  _EnableInterrupts               
0     000085e4  _ddcopy                         
0     000085e4  _dpcopy                         
0     000085e4  _pdcopy                         
0     000085e4  _ppcopy                         
0     000085fe  __args_main                     
0     00008617  _cpu_timer0_isr                 
0     0000862d  _InitPieVectTable               
0     00008646  __system_pre_init               
0     00008648  __nop                           
0     00008649  __system_post_cinit             
0     0000864a  ___etext__                      
0     0000864a  __ctypes_                       
0     0000864a  etext                           
0     0000874c  _PieVectTableInit               
0     0000884c  _CpuTimer2                      
0     00008854  _CpuTimer0                      
0     0000885c  _CpuTimer1                      
0     00008864  _Cpu_Clk                        
0     00008866  _Cpu_Prd                        
0     00008868  _Cpu_cnt                        
0     0000886a  _Timer_Prd                      
0     00008874  ___TI_enable_exit_profile_output
0     00008876  ___TI_cleanup_ptr               
0     00008878  ___TI_dtors_ptr                 
0     0000887a  __lock                          
0     0000887c  __unlock                        
0     0000887e  ___cinit__                      
0     0000887e  cinit                           
0     000088ae  _DSP28x_usDelay                 
0     00380080  _ADC_cal                        
1     00000880  _DevEmuRegs                     
1     00000a80  _FlashRegs                      
1     00000ae0  _CsmRegs                        
1     00000b00  _AdcMirror                      
1     00000b20  _XintfRegs                      
1     00000c00  _CpuTimer0Regs                  
1     00000c08  _CpuTimer1Regs                  
1     00000c10  _CpuTimer2Regs                  
1     00000ce0  _PieCtrlRegs                    
1     00000d00  _PieVectTable                   
1     00001000  _DmaRegs                        
1     00005000  _McbspaRegs                     
1     00005040  _McbspbRegs                     
1     00006000  _ECanaRegs                      
1     00006040  _ECanaLAMRegs                   
1     00006080  _ECanaMOTSRegs                  
1     000060c0  _ECanaMOTORegs                  
1     00006100  _ECanaMboxes                    
1     00006200  _ECanbRegs                      
1     00006240  _ECanbLAMRegs                   
1     00006280  _ECanbMOTSRegs                  
1     000062c0  _ECanbMOTORegs                  
1     00006300  _ECanbMboxes                    
1     00006800  _EPwm1Regs                      
1     00006840  _EPwm2Regs                      
1     00006880  _EPwm3Regs                      
1     000068c0  _EPwm4Regs                      
1     00006900  _EPwm5Regs                      
1     00006940  _EPwm6Regs                      
1     00006a00  _ECap1Regs                      
1     00006a20  _ECap2Regs                      
1     00006a40  _ECap3Regs                      
1     00006a60  _ECap4Regs                      
1     00006a80  _ECap5Regs                      
1     00006aa0  _ECap6Regs                      
1     00006b00  _EQep1Regs                      
1     00006b40  _EQep2Regs                      
1     00006f80  _GpioCtrlRegs                   
1     00006fc0  _GpioDataRegs                   
1     00006fe0  _GpioIntRegs                    
1     00007010  _SysCtrlRegs                    
1     00007040  _SpiaRegs                       
1     00007050  _SciaRegs                       
1     00007070  _XIntruptRegs                   
1     00007100  _AdcRegs                        
1     00007750  _ScibRegs                       
1     00007770  _ScicRegs                       
1     00007900  _I2caRegs                       
1     0033fff8  _CsmPwl                         
1     00380090  _PartIdRegs                     
abs   00000300  __STACK_SIZE                    
abs   ffffffff  ___TI_pprof_out_hndl            
abs   ffffffff  ___TI_prof_data_size            
abs   ffffffff  ___TI_prof_data_start           
abs   ffffffff  ___binit__                      
abs   ffffffff  ___c_args__                     
abs   ffffffff  ___pinit__                      
abs   ffffffff  binit                           
abs   ffffffff  pinit                           

[190 symbols]
