******************************************************************************
             TMS320C2000 Linker PC v15.12.7                    
******************************************************************************
>> Linked Fri May 10 09:50:19 2019

OUTPUT FILE NAME:   <base_proj.out>
ENTRY POINT SYMBOL: "_c_int00"  address: 00001a56


MEMORY CONFIGURATION

         name            origin    length      used     unused   attr    fill
----------------------  --------  ---------  --------  --------  ----  --------
PAGE 0:
  BEGIN                 00000000   00000002  00000002  00000000  RWIX
  RAMM0                 00000050   000003b0  00000000  000003b0  RWIX
  RAML0                 00008000   00001000  0000008c  00000f74  RWIX
  RAML1                 00009000   00001000  00000000  00001000  RWIX
  RAML2                 0000a000   00001000  00000000  00001000  RWIX
  RAML3                 0000b000   00001000  00000000  00001000  RWIX
  ZONE7A                00200000   0000fc00  00000000  0000fc00  RWIX
  CSM_RSVD              0033ff80   00000076  00000000  00000076  RWIX
  CSM_PWL               0033fff8   00000008  00000000  00000008  RWIX
  ADC_CAL               00380080   00000009  00000007  00000002  RWIX
  IQTABLES              003fe000   00000b50  00000000  00000b50  RWIX
  IQTABLES2             003feb50   0000008c  00000000  0000008c  RWIX
  FPUTABLES             003febdc   000006a0  00000000  000006a0  RWIX
  BOOTROM               003ff27c   00000d44  00000000  00000d44  RWIX
  RESET                 003fffc0   00000002  00000000  00000002  RWIX

PAGE 1:
  BOOT_RSVD             00000002   0000004e  00000000  0000004e  RWIX
  RAMM1                 00000400   00000400  00000400  00000000  RWIX
  DEV_EMU               00000880   00000180  000000d0  000000b0  RWIX
  FLASH_REGS            00000a80   00000060  00000008  00000058  RWIX
  CSM                   00000ae0   00000010  00000010  00000000  RWIX
  ADC_MIRROR            00000b00   00000010  00000010  00000000  RWIX
  XINTF                 00000b20   00000020  0000001e  00000002  RWIX
  CPU_TIMER0            00000c00   00000008  00000008  00000000  RWIX
  CPU_TIMER1            00000c08   00000008  00000008  00000000  RWIX
  CPU_TIMER2            00000c10   00000008  00000008  00000000  RWIX
  PIE_CTRL              00000ce0   00000020  0000001a  00000006  RWIX
  PIE_VECT              00000d00   00000100  00000100  00000000  RWIX
  DMA                   00001000   00000200  000000e0  00000120  RWIX
  MCBSPA                00005000   00000040  00000025  0000001b  RWIX
  MCBSPB                00005040   00000040  00000025  0000001b  RWIX
  ECANA                 00006000   00000040  00000034  0000000c  RWIX
  ECANA_LAM             00006040   00000040  00000040  00000000  RWIX
  ECANA_MOTS            00006080   00000040  00000040  00000000  RWIX
  ECANA_MOTO            000060c0   00000040  00000040  00000000  RWIX
  ECANA_MBOX            00006100   00000100  00000100  00000000  RWIX
  ECANB                 00006200   00000040  00000034  0000000c  RWIX
  ECANB_LAM             00006240   00000040  00000040  00000000  RWIX
  ECANB_MOTS            00006280   00000040  00000040  00000000  RWIX
  ECANB_MOTO            000062c0   00000040  00000040  00000000  RWIX
  ECANB_MBOX            00006300   00000100  00000100  00000000  RWIX
  EPWM1                 00006800   00000022  00000022  00000000  RWIX
  EPWM2                 00006840   00000022  00000022  00000000  RWIX
  EPWM3                 00006880   00000022  00000022  00000000  RWIX
  EPWM4                 000068c0   00000022  00000022  00000000  RWIX
  EPWM5                 00006900   00000022  00000022  00000000  RWIX
  EPWM6                 00006940   00000022  00000022  00000000  RWIX
  ECAP1                 00006a00   00000020  00000020  00000000  RWIX
  ECAP2                 00006a20   00000020  00000020  00000000  RWIX
  ECAP3                 00006a40   00000020  00000020  00000000  RWIX
  ECAP4                 00006a60   00000020  00000020  00000000  RWIX
  ECAP5                 00006a80   00000020  00000020  00000000  RWIX
  ECAP6                 00006aa0   00000020  00000020  00000000  RWIX
  EQEP1                 00006b00   00000040  00000040  00000000  RWIX
  EQEP2                 00006b40   00000040  00000040  00000000  RWIX
  GPIOCTRL              00006f80   00000040  0000002e  00000012  RWIX
  GPIODAT               00006fc0   00000020  00000020  00000000  RWIX
  GPIOINT               00006fe0   00000020  0000000a  00000016  RWIX
  SYSTEM                00007010   00000020  00000020  00000000  RWIX
  SPIA                  00007040   00000010  00000010  00000000  RWIX
  SCIA                  00007050   00000010  00000010  00000000  RWIX
  XINTRUPT              00007070   00000010  00000010  00000000  RWIX
  ADC                   00007100   00000020  0000001e  00000002  RWIX
  SCIB                  00007750   00000010  00000010  00000000  RWIX
  SCIC                  00007770   00000010  00000010  00000000  RWIX
  I2CA                  00007900   00000040  00000022  0000001e  RWIX
  RAML4                 0000c000   00001000  00000349  00000cb7  RWIX
  RAML5                 0000d000   00001000  0000026e  00000d92  RWIX
  RAML6                 0000e000   00001000  00000000  00001000  RWIX
  RAML7                 0000f000   00001000  00000000  00001000  RWIX
  ZONE7B                0020fc00   00000400  00000000  00000400  RWIX
  CSM_PWL               0033fff8   00000008  00000008  00000000  RWIX
  PARTID                00380090   00000001  00000001  00000000  RWIX


SECTION ALLOCATION MAP

 output                                  attributes/
section   page    origin      length       input sections
--------  ----  ----------  ----------   ----------------
codestart 
*          0    00000000    00000002     
                  00000000    00000002     DSP2833x_CodeStartBranch.obj (codestart)

.text      0    00000000    00002175     FAILED TO ALLOCATE
.stack     1    00000000    00000300     FAILED TO ALLOCATE
.cinit     0    00008000    00000088     
                  00008000    0000002a     rts2800_fpu32.lib : defs.obj (.cinit)
                  0000802a    00000029                       : write.obj (.cinit)
                  00008053    0000000e                       : exit.obj (.cinit)
                  00008061    0000000b     cpu0_timer.obj (.cinit)
                  0000806c    00000005     rts2800_fpu32.lib : _lock.obj (.cinit:__lock)
                  00008071    00000005                       : _lock.obj (.cinit:__unlock)
                  00008076    00000004                       : errno.obj (.cinit)
                  0000807a    00000004                       : fopen.obj (.cinit)
                  0000807e    00000004                       : memory.obj (.cinit)
                  00008082    00000004                       : open.obj (.cinit)
                  00008086    00000002     --HOLE-- [fill = 0]

ramfuncs   0    00008088    00000004     
                  00008088    00000004     DSP2833x_usDelay.obj (ramfuncs)

.pinit     0    00008000    00000000     UNINITIALIZED

.adc_cal   0    00380080    00000007     NOLOAD SECTION
                  00380080    00000007     DSP2833x_ADC_cal.obj (.adc_cal)

.esysmem   1    00000400    00000400     UNINITIALIZED
                  00000400    00000001     rts2800_fpu32.lib : memory.obj (.esysmem)
                  00000401    000003ff     --HOLE--

DevEmuRegsFile 
*          1    00000880    000000d0     UNINITIALIZED
                  00000880    000000d0     DSP2833x_GlobalVariableDefs.obj (DevEmuRegsFile)

FlashRegsFile 
*          1    00000a80    00000008     UNINITIALIZED
                  00000a80    00000008     DSP2833x_GlobalVariableDefs.obj (FlashRegsFile)

CsmRegsFile 
*          1    00000ae0    00000010     UNINITIALIZED
                  00000ae0    00000010     DSP2833x_GlobalVariableDefs.obj (CsmRegsFile)

AdcMirrorFile 
*          1    00000b00    00000010     UNINITIALIZED
                  00000b00    00000010     DSP2833x_GlobalVariableDefs.obj (AdcMirrorFile)

XintfRegsFile 
*          1    00000b20    0000001e     UNINITIALIZED
                  00000b20    0000001e     DSP2833x_GlobalVariableDefs.obj (XintfRegsFile)

CpuTimer0RegsFile 
*          1    00000c00    00000008     UNINITIALIZED
                  00000c00    00000008     DSP2833x_GlobalVariableDefs.obj (CpuTimer0RegsFile)

CpuTimer1RegsFile 
*          1    00000c08    00000008     UNINITIALIZED
                  00000c08    00000008     DSP2833x_GlobalVariableDefs.obj (CpuTimer1RegsFile)

CpuTimer2RegsFile 
*          1    00000c10    00000008     UNINITIALIZED
                  00000c10    00000008     DSP2833x_GlobalVariableDefs.obj (CpuTimer2RegsFile)

PieCtrlRegsFile 
*          1    00000ce0    0000001a     UNINITIALIZED
                  00000ce0    0000001a     DSP2833x_GlobalVariableDefs.obj (PieCtrlRegsFile)

PieVectTableFile 
*          1    00000d00    00000100     UNINITIALIZED
                  00000d00    00000100     DSP2833x_GlobalVariableDefs.obj (PieVectTableFile)

DmaRegsFile 
*          1    00001000    000000e0     UNINITIALIZED
                  00001000    000000e0     DSP2833x_GlobalVariableDefs.obj (DmaRegsFile)

McbspaRegsFile 
*          1    00005000    00000025     UNINITIALIZED
                  00005000    00000025     DSP2833x_GlobalVariableDefs.obj (McbspaRegsFile)

McbspbRegsFile 
*          1    00005040    00000025     UNINITIALIZED
                  00005040    00000025     DSP2833x_GlobalVariableDefs.obj (McbspbRegsFile)

ECanaRegsFile 
*          1    00006000    00000034     UNINITIALIZED
                  00006000    00000034     DSP2833x_GlobalVariableDefs.obj (ECanaRegsFile)

ECanaLAMRegsFile 
*          1    00006040    00000040     UNINITIALIZED
                  00006040    00000040     DSP2833x_GlobalVariableDefs.obj (ECanaLAMRegsFile)

ECanaMOTSRegsFile 
*          1    00006080    00000040     UNINITIALIZED
                  00006080    00000040     DSP2833x_GlobalVariableDefs.obj (ECanaMOTSRegsFile)

ECanaMOTORegsFile 
*          1    000060c0    00000040     UNINITIALIZED
                  000060c0    00000040     DSP2833x_GlobalVariableDefs.obj (ECanaMOTORegsFile)

ECanaMboxesFile 
*          1    00006100    00000100     UNINITIALIZED
                  00006100    00000100     DSP2833x_GlobalVariableDefs.obj (ECanaMboxesFile)

ECanbRegsFile 
*          1    00006200    00000034     UNINITIALIZED
                  00006200    00000034     DSP2833x_GlobalVariableDefs.obj (ECanbRegsFile)

ECanbLAMRegsFile 
*          1    00006240    00000040     UNINITIALIZED
                  00006240    00000040     DSP2833x_GlobalVariableDefs.obj (ECanbLAMRegsFile)

ECanbMOTSRegsFile 
*          1    00006280    00000040     UNINITIALIZED
                  00006280    00000040     DSP2833x_GlobalVariableDefs.obj (ECanbMOTSRegsFile)

ECanbMOTORegsFile 
*          1    000062c0    00000040     UNINITIALIZED
                  000062c0    00000040     DSP2833x_GlobalVariableDefs.obj (ECanbMOTORegsFile)

ECanbMboxesFile 
*          1    00006300    00000100     UNINITIALIZED
                  00006300    00000100     DSP2833x_GlobalVariableDefs.obj (ECanbMboxesFile)

EPwm1RegsFile 
*          1    00006800    00000022     UNINITIALIZED
                  00006800    00000022     DSP2833x_GlobalVariableDefs.obj (EPwm1RegsFile)

EPwm2RegsFile 
*          1    00006840    00000022     UNINITIALIZED
                  00006840    00000022     DSP2833x_GlobalVariableDefs.obj (EPwm2RegsFile)

EPwm3RegsFile 
*          1    00006880    00000022     UNINITIALIZED
                  00006880    00000022     DSP2833x_GlobalVariableDefs.obj (EPwm3RegsFile)

EPwm4RegsFile 
*          1    000068c0    00000022     UNINITIALIZED
                  000068c0    00000022     DSP2833x_GlobalVariableDefs.obj (EPwm4RegsFile)

EPwm5RegsFile 
*          1    00006900    00000022     UNINITIALIZED
                  00006900    00000022     DSP2833x_GlobalVariableDefs.obj (EPwm5RegsFile)

EPwm6RegsFile 
*          1    00006940    00000022     UNINITIALIZED
                  00006940    00000022     DSP2833x_GlobalVariableDefs.obj (EPwm6RegsFile)

ECap1RegsFile 
*          1    00006a00    00000020     UNINITIALIZED
                  00006a00    00000020     DSP2833x_GlobalVariableDefs.obj (ECap1RegsFile)

ECap2RegsFile 
*          1    00006a20    00000020     UNINITIALIZED
                  00006a20    00000020     DSP2833x_GlobalVariableDefs.obj (ECap2RegsFile)

ECap3RegsFile 
*          1    00006a40    00000020     UNINITIALIZED
                  00006a40    00000020     DSP2833x_GlobalVariableDefs.obj (ECap3RegsFile)

ECap4RegsFile 
*          1    00006a60    00000020     UNINITIALIZED
                  00006a60    00000020     DSP2833x_GlobalVariableDefs.obj (ECap4RegsFile)

ECap5RegsFile 
*          1    00006a80    00000020     UNINITIALIZED
                  00006a80    00000020     DSP2833x_GlobalVariableDefs.obj (ECap5RegsFile)

ECap6RegsFile 
*          1    00006aa0    00000020     UNINITIALIZED
                  00006aa0    00000020     DSP2833x_GlobalVariableDefs.obj (ECap6RegsFile)

EQep1RegsFile 
*          1    00006b00    00000040     UNINITIALIZED
                  00006b00    00000040     DSP2833x_GlobalVariableDefs.obj (EQep1RegsFile)

EQep2RegsFile 
*          1    00006b40    00000040     UNINITIALIZED
                  00006b40    00000040     DSP2833x_GlobalVariableDefs.obj (EQep2RegsFile)

GpioCtrlRegsFile 
*          1    00006f80    0000002e     UNINITIALIZED
                  00006f80    0000002e     DSP2833x_GlobalVariableDefs.obj (GpioCtrlRegsFile)

GpioDataRegsFile 
*          1    00006fc0    00000020     UNINITIALIZED
                  00006fc0    00000020     DSP2833x_GlobalVariableDefs.obj (GpioDataRegsFile)

GpioIntRegsFile 
*          1    00006fe0    0000000a     UNINITIALIZED
                  00006fe0    0000000a     DSP2833x_GlobalVariableDefs.obj (GpioIntRegsFile)

SysCtrlRegsFile 
*          1    00007010    00000020     UNINITIALIZED
                  00007010    00000020     DSP2833x_GlobalVariableDefs.obj (SysCtrlRegsFile)

SpiaRegsFile 
*          1    00007040    00000010     UNINITIALIZED
                  00007040    00000010     DSP2833x_GlobalVariableDefs.obj (SpiaRegsFile)

SciaRegsFile 
*          1    00007050    00000010     UNINITIALIZED
                  00007050    00000010     DSP2833x_GlobalVariableDefs.obj (SciaRegsFile)

XIntruptRegsFile 
*          1    00007070    00000010     UNINITIALIZED
                  00007070    00000010     DSP2833x_GlobalVariableDefs.obj (XIntruptRegsFile)

AdcRegsFile 
*          1    00007100    0000001e     UNINITIALIZED
                  00007100    0000001e     DSP2833x_GlobalVariableDefs.obj (AdcRegsFile)

ScibRegsFile 
*          1    00007750    00000010     UNINITIALIZED
                  00007750    00000010     DSP2833x_GlobalVariableDefs.obj (ScibRegsFile)

ScicRegsFile 
*          1    00007770    00000010     UNINITIALIZED
                  00007770    00000010     DSP2833x_GlobalVariableDefs.obj (ScicRegsFile)

I2caRegsFile 
*          1    00007900    00000022     UNINITIALIZED
                  00007900    00000022     DSP2833x_GlobalVariableDefs.obj (I2caRegsFile)

.ebss      1    0000c000    00000229     UNINITIALIZED
                  0000c000    00000160     rts2800_fpu32.lib : defs.obj (.ebss)
                  0000c160    00000018     DSP2833x_CpuTimers.obj (.ebss)
                  0000c178    00000008     rts2800_fpu32.lib : hostopen.obj (.ebss)
                  0000c180    00000088                       : write.obj (.ebss)
                  0000c208    0000000c     cpu0_timer.obj (.ebss)
                  0000c214    00000008     rts2800_fpu32.lib : memory.obj (.ebss)
                  0000c21c    00000006                       : exit.obj (.ebss)
                  0000c222    00000002                       : _lock.obj (.ebss:__lock)
                  0000c224    00000002                       : _lock.obj (.ebss:__unlock)
                  0000c226    00000001                       : errno.obj (.ebss)
                  0000c227    00000001                       : fopen.obj (.ebss)
                  0000c228    00000001                       : open.obj (.ebss)

.econst    1    0000d000    0000026e     
                  0000d000    00000101     rts2800_fpu32.lib : ctype.obj (.econst:.string:__ctypes_)
                  0000d101    00000001     --HOLE-- [fill = 0]
                  0000d102    00000100     DSP2833x_PieVect.obj (.econst:_PieVectTableInit)
                  0000d202    00000026     rts2800_fpu32.lib : _printfi.obj (.econst:.string)
                  0000d228    0000001c                       : _printfi.obj (.econst)
                  0000d244    0000001c                       : s_scalbn.obj (.econst)
                  0000d260    00000008                       : s_frexp.obj (.econst)
                  0000d268    00000004     cpu0_timer.obj (.econst:.string)
                  0000d26c    00000002     rts2800_fpu32.lib : fputs.obj (.econst:.string)

.reset     0    003fffc0    00000002     DSECT
                  003fffc0    00000002     rts2800_fpu32.lib : boot.obj (.reset)

csm_rsvd   0    0033ff80    00000000     DSECT

csmpasswds 
*          0    0033fff8    00000000     DSECT

CsmPwlFile 
*          1    0033fff8    00000008     UNINITIALIZED
                  0033fff8    00000008     DSP2833x_GlobalVariableDefs.obj (CsmPwlFile)

PartIdRegsFile 
*          1    00380090    00000001     UNINITIALIZED
                  00380090    00000001     DSP2833x_GlobalVariableDefs.obj (PartIdRegsFile)

.cio       1    0000c240    00000120     UNINITIALIZED
                  0000c240    00000120     rts2800_fpu32.lib : trgmsg.obj (.cio)

MODULE SUMMARY

       Module                            code   ro data   rw data
       ------                            ----   -------   -------
    .\_lib\
       DSP2833x_GlobalVariableDefs.obj   0      0         2679   
       DSP2833x_PieVect.obj              0      0         256    
       DSP2833x_CpuTimers.obj            0      0         24     
       DSP2833x_ADC_cal.obj              7      0         0      
       DSP2833x_usDelay.obj              4      0         0      
       DSP2833x_CodeStartBranch.obj      2      0         0      
    +--+---------------------------------+------+---------+---------+
       Total:                            13     0         2959   
                                                                 
    .\src\
       cpu0_timer.obj                    0      0         27     
    +--+---------------------------------+------+---------+---------+
       Total:                            0      0         27     
                                                                 
    C:\ti\ccsv6\tools\compiler\ti-cgt-c2000_15.12.7.LTS\lib\rts2800_fpu32.lib
       defs.obj                          0      0         394    
       trgmsg.obj                        0      0         288    
       ctype.obj                         0      0         257    
       write.obj                         0      0         177    
       _printfi.obj                      0      0         66     
       s_scalbn.obj                      0      0         28     
       exit.obj                          0      0         20     
       _lock.obj                         0      0         14     
       memory.obj                        0      0         12     
       hostopen.obj                      0      0         8      
       s_frexp.obj                       0      0         8      
       errno.obj                         0      0         5      
       fopen.obj                         0      0         5      
       open.obj                          0      0         5      
       fputs.obj                         0      0         2      
    +--+---------------------------------+------+---------+---------+
       Total:                            0      0         1289   
                                                                 
       Heap:                             0      0         1024   
    +--+---------------------------------+------+---------+---------+
       Grand Total:                      13     0         5299   


GLOBAL DATA SYMBOLS: SORTED BY DATA PAGE

address     data page           name
--------    ----------------    ----
00000000       0 (00000000)     __stack

00000400      10 (00000400)     __sys_memory

00000880      22 (00000880)     _DevEmuRegs

00000a80      2a (00000a80)     _FlashRegs

00000ae0      2b (00000ac0)     _CsmRegs

00000b00      2c (00000b00)     _AdcMirror
00000b20      2c (00000b00)     _XintfRegs

00000c00      30 (00000c00)     _CpuTimer0Regs
00000c08      30 (00000c00)     _CpuTimer1Regs
00000c10      30 (00000c00)     _CpuTimer2Regs

00000ce0      33 (00000cc0)     _PieCtrlRegs

00000d00      34 (00000d00)     _PieVectTable

00001000      40 (00001000)     _DmaRegs

00005000     140 (00005000)     _McbspaRegs

00005040     141 (00005040)     _McbspbRegs

00006000     180 (00006000)     _ECanaRegs

00006040     181 (00006040)     _ECanaLAMRegs

00006080     182 (00006080)     _ECanaMOTSRegs

000060c0     183 (000060c0)     _ECanaMOTORegs

00006100     184 (00006100)     _ECanaMboxes

00006200     188 (00006200)     _ECanbRegs

00006240     189 (00006240)     _ECanbLAMRegs

00006280     18a (00006280)     _ECanbMOTSRegs

000062c0     18b (000062c0)     _ECanbMOTORegs

00006300     18c (00006300)     _ECanbMboxes

00006800     1a0 (00006800)     _EPwm1Regs

00006840     1a1 (00006840)     _EPwm2Regs

00006880     1a2 (00006880)     _EPwm3Regs

000068c0     1a3 (000068c0)     _EPwm4Regs

00006900     1a4 (00006900)     _EPwm5Regs

00006940     1a5 (00006940)     _EPwm6Regs

00006a00     1a8 (00006a00)     _ECap1Regs
00006a20     1a8 (00006a00)     _ECap2Regs

00006a40     1a9 (00006a40)     _ECap3Regs
00006a60     1a9 (00006a40)     _ECap4Regs

00006a80     1aa (00006a80)     _ECap5Regs
00006aa0     1aa (00006a80)     _ECap6Regs

00006b00     1ac (00006b00)     _EQep1Regs

00006b40     1ad (00006b40)     _EQep2Regs

00006f80     1be (00006f80)     _GpioCtrlRegs

00006fc0     1bf (00006fc0)     _GpioDataRegs
00006fe0     1bf (00006fc0)     _GpioIntRegs

00007010     1c0 (00007000)     _SysCtrlRegs

00007040     1c1 (00007040)     _SpiaRegs
00007050     1c1 (00007040)     _SciaRegs
00007070     1c1 (00007040)     _XIntruptRegs

00007100     1c4 (00007100)     _AdcRegs

00007750     1dd (00007740)     _ScibRegs
00007770     1dd (00007740)     _ScicRegs

00007900     1e4 (00007900)     _I2caRegs

0000c000     300 (0000c000)     ___TI_ft_end

0000c040     301 (0000c040)     __ftable

0000c0c0     303 (0000c0c0)     ___TI_tmpnams

0000c160     305 (0000c140)     _CpuTimer1
0000c168     305 (0000c140)     _CpuTimer2
0000c170     305 (0000c140)     _CpuTimer0
0000c178     305 (0000c140)     _parmbuf

0000c180     306 (0000c180)     __stream

0000c1c0     307 (0000c1c0)     __device

0000c208     308 (0000c200)     _Cpu_Clk
0000c20a     308 (0000c200)     _Timer_Prd
0000c21c     308 (0000c200)     ___TI_enable_exit_profile_output
0000c21e     308 (0000c200)     ___TI_cleanup_ptr
0000c220     308 (0000c200)     ___TI_dtors_ptr
0000c222     308 (0000c200)     __lock
0000c224     308 (0000c200)     __unlock
0000c226     308 (0000c200)     _errno

0000c240     309 (0000c240)     __CIOBUF_

0000d000     340 (0000d000)     __ctypes_

0000d102     344 (0000d100)     _PieVectTableInit

0033fff8    cfff (0033ffc0)     _CsmPwl

00380090    e002 (00380080)     _PartIdRegs


GLOBAL SYMBOLS: SORTED ALPHABETICALLY BY Name 

page  address   name                            
----  -------   ----                            
0     00000000  .text                           
0     00001e70  C$$EXIT                         
0     00001619  C$$IO$$                         
0     0000152a  FD$$ADD                         
0     00001e1c  FD$$CMP                         
0     0000165a  FD$$DIV                         
0     0000176e  FD$$MPY                         
0     00002151  FD$$NEG                         
0     0000210b  FD$$SUB                         
0     00001f32  FD$$TOI                         
0     00001f53  FD$$TOL                         
0     00002007  FS$$TOFD                        
0     00001fea  I$$TOFD                         
0     00001e46  L$$DIV                          
0     00001e55  L$$MOD                          
0     00002023  L$$TOFD                         
0     000020a4  LL$$AND                         
0     00001f90  LL$$CMP                         
0     000010c1  LL$$DIV                         
0     000010fd  LL$$MOD                         
0     000020ac  LL$$OR                          
0     000020b4  LL$$XOR                         
0     00001e63  UL$$DIV                         
0     00001e6a  UL$$MOD                         
0     00001fa2  ULL$$CMP                        
0     00001137  ULL$$DIV                        
0     00001166  ULL$$MOD                        
0     00000ee5  _ADCINT_ISR                     
0     00380080  _ADC_cal                        
1     00000b00  _AdcMirror                      
1     00007100  _AdcRegs                        
0     00001adf  _ConfigCpuTimer                 
1     0000c170  _CpuTimer0                      
1     00000c00  _CpuTimer0Regs                  
1     0000c160  _CpuTimer1                      
1     00000c08  _CpuTimer1Regs                  
1     0000c168  _CpuTimer2                      
1     00000c10  _CpuTimer2Regs                  
1     0000c208  _Cpu_Clk                        
1     0033fff8  _CsmPwl                         
1     00000ae0  _CsmRegs                        
0     00001297  _CsmUnlock                      
0     00000edb  _DATALOG_ISR                    
0     00000ed1  _DINTCH1_ISR                    
0     00000ec7  _DINTCH2_ISR                    
0     00000ebd  _DINTCH3_ISR                    
0     00000eb3  _DINTCH4_ISR                    
0     00000ea9  _DINTCH5_ISR                    
0     00000e9f  _DINTCH6_ISR                    
0     00008088  _DSP28x_usDelay                 
1     00000880  _DevEmuRegs                     
0     000011d2  _DisableDog                     
1     00001000  _DmaRegs                        
0     00000e95  _ECAN0INTA_ISR                  
0     00000e8b  _ECAN0INTB_ISR                  
0     00000e81  _ECAN1INTA_ISR                  
0     00000e77  _ECAN1INTB_ISR                  
0     00000e6d  _ECAP1_INT_ISR                  
0     00000e63  _ECAP2_INT_ISR                  
0     00000e59  _ECAP3_INT_ISR                  
0     00000e4f  _ECAP4_INT_ISR                  
0     00000e45  _ECAP5_INT_ISR                  
0     00000e3b  _ECAP6_INT_ISR                  
1     00006040  _ECanaLAMRegs                   
1     000060c0  _ECanaMOTORegs                  
1     00006080  _ECanaMOTSRegs                  
1     00006100  _ECanaMboxes                    
1     00006000  _ECanaRegs                      
1     00006240  _ECanbLAMRegs                   
1     000062c0  _ECanbMOTORegs                  
1     00006280  _ECanbMOTSRegs                  
1     00006300  _ECanbMboxes                    
1     00006200  _ECanbRegs                      
1     00006a00  _ECap1Regs                      
1     00006a20  _ECap2Regs                      
1     00006a40  _ECap3Regs                      
1     00006a60  _ECap4Regs                      
1     00006a80  _ECap5Regs                      
1     00006aa0  _ECap6Regs                      
0     00000e31  _EMUINT_ISR                     
0     00000e27  _EPWM1_INT_ISR                  
0     00000e1d  _EPWM1_TZINT_ISR                
0     00000e13  _EPWM2_INT_ISR                  
0     00000e09  _EPWM2_TZINT_ISR                
0     00000dff  _EPWM3_INT_ISR                  
0     00000df5  _EPWM3_TZINT_ISR                
0     00000deb  _EPWM4_INT_ISR                  
0     00000de1  _EPWM4_TZINT_ISR                
0     00000dd7  _EPWM5_INT_ISR                  
0     00000dcd  _EPWM5_TZINT_ISR                
0     00000dc3  _EPWM6_INT_ISR                  
0     00000db9  _EPWM6_TZINT_ISR                
1     00006800  _EPwm1Regs                      
1     00006840  _EPwm2Regs                      
1     00006880  _EPwm3Regs                      
1     000068c0  _EPwm4Regs                      
1     00006900  _EPwm5Regs                      
1     00006940  _EPwm6Regs                      
0     00000daf  _EQEP1_INT_ISR                  
0     00000da5  _EQEP2_INT_ISR                  
1     00006b00  _EQep1Regs                      
1     00006b40  _EQep2Regs                      
0     00001ee1  _EnableInterrupts               
1     00000a80  _FlashRegs                      
1     00006f80  _GpioCtrlRegs                   
1     00006fc0  _GpioDataRegs                   
1     00006fe0  _GpioIntRegs                    
0     00001e99  _HOSTclose                      
0     0000193c  _HOSTlseek                      
0     00001be7  _HOSTopen                       
0     00001c27  _HOSTread                       
0     00001c66  _HOSTrename                     
0     00001eea  _HOSTunlink                     
0     00001d1e  _HOSTwrite                      
0     00000d9b  _I2CINT1A_ISR                   
0     00000d91  _I2CINT2A_ISR                   
1     00007900  _I2caRegs                       
0     00000d87  _ILLEGAL_ISR                    
0     00000d7d  _INT13_ISR                      
0     00000d73  _INT14_ISR                      
0     00001aac  _InitCpuTimers                  
0     00001228  _InitPeripheralClocks           
0     00001ec2  _InitPieCtrl                    
0     000020e9  _InitPieVectTable               
0     000011da  _InitPll                        
0     0000128e  _InitSysCtrl                    
0     00000d69  _LUF_ISR                        
0     00000d5f  _LVF_ISR                        
0     00000d55  _MRINTA_ISR                     
0     00000d4b  _MRINTB_ISR                     
0     00000d41  _MXINTA_ISR                     
0     00000d37  _MXINTB_ISR                     
1     00005000  _McbspaRegs                     
1     00005040  _McbspbRegs                     
0     00000d2d  _NMI_ISR                        
0     00000d23  _PIE_RESERVED                   
1     00380090  _PartIdRegs                     
1     00000ce0  _PieCtrlRegs                    
1     00000d00  _PieVectTable                   
1     0000d102  _PieVectTableInit               
0     00000d19  _RTOSINT_ISR                    
0     00000d0f  _SCIRXINTA_ISR                  
0     00000d05  _SCIRXINTB_ISR                  
0     00000cfb  _SCIRXINTC_ISR                  
0     00000cf1  _SCITXINTA_ISR                  
0     00000ce7  _SCITXINTB_ISR                  
0     00000cdd  _SCITXINTC_ISR                  
0     00000cd3  _SEQ1INT_ISR                    
0     00000cc9  _SEQ2INT_ISR                    
0     00000cbf  _SPIRXINTA_ISR                  
0     00000cb5  _SPITXINTA_ISR                  
1     00007050  _SciaRegs                       
1     00007750  _ScibRegs                       
1     00007770  _ScicRegs                       
0     000011c8  _ServiceDog                     
1     00007040  _SpiaRegs                       
1     00007010  _SysCtrlRegs                    
0     00000cab  _TINT0_ISR                      
1     0000c20a  _Timer_Prd                      
0     00000ca1  _USER10_ISR                     
0     00000c97  _USER11_ISR                     
0     00000c8d  _USER12_ISR                     
0     00000c83  _USER1_ISR                      
0     00000c79  _USER2_ISR                      
0     00000c6f  _USER3_ISR                      
0     00000c65  _USER4_ISR                      
0     00000c5b  _USER5_ISR                      
0     00000c51  _USER6_ISR                      
0     00000c47  _USER7_ISR                      
0     00000c3d  _USER8_ISR                      
0     00000c33  _USER9_ISR                      
0     00000c29  _WAKEINT_ISR                    
0     00000c1f  _XINT1_ISR                      
0     00000c15  _XINT2_ISR                      
0     00000c0b  _XINT3_ISR                      
0     00000c01  _XINT4_ISR                      
0     00000bf7  _XINT5_ISR                      
0     00000bed  _XINT6_ISR                      
0     00000be3  _XINT7_ISR                      
1     00007070  _XIntruptRegs                   
1     00000b20  _XintfRegs                      
1     0000c240  __CIOBUF_                       
0     00000300  __STACK_END                     
abs   00000300  __STACK_SIZE                    
abs   00000400  __SYSMEM_SIZE                   
0     0000133d  ___TI_cleanup                   
1     0000c21e  ___TI_cleanup_ptr               
0     0000199d  ___TI_closefile                 
0     000017f1  ___TI_doflush                   
1     0000c220  ___TI_dtors_ptr                 
1     0000c21c  ___TI_enable_exit_profile_output
1     0000c000  ___TI_ft_end                    
abs   ffffffff  ___TI_pprof_out_hndl            
0     00000ab4  ___TI_printfi                   
abs   ffffffff  ___TI_prof_data_size            
abs   ffffffff  ___TI_prof_data_start           
0     00001910  ___TI_rd_ok                     
0     0000161e  ___TI_readmsg                   
1     0000c0c0  ___TI_tmpnams                   
0     000015c6  ___TI_writemsg                  
0     000018d5  ___TI_wrt_ok                    
abs   ffffffff  ___binit__                      
abs   ffffffff  ___c_args__                     
0     00008000  ___cinit__                      
0     00002175  ___etext__                      
abs   ffffffff  ___pinit__                      
0     00000000  ___text__                       
0     00002059  __args_main                     
1     0000d000  __ctypes_                       
1     0000c1c0  __device                        
1     0000c040  __ftable                        
1     0000c222  __lock                          
0     00002150  __nop                           
0     0000214c  __register_lock                 
0     00002148  __register_unlock               
0     00000000  __stack                         
1     0000c180  __stream                        
1     00000400  __sys_memory                    
0     00002174  __system_post_cinit             
0     00002172  __system_pre_init               
1     0000c224  __unlock                        
0     00001e70  _abort                          
0     00001dbd  _atoi                           
0     00001a56  _c_int00                        
0     00001f72  _cal_Timer_Prd                  
0     000010aa  _calloc                         
0     000010a8  _chkheap                        
0     00001d8a  _close                          
0     00001ba1  _copy_in                        
0     00001f0e  _copysignl                      
0     000020d4  _cpu_timer0_isr                 
0     0000203f  _ddcopy                         
0     0000203f  _dpcopy                         
1     0000c226  _errno                          
0     00001e72  _exit                           
0     000019e1  _fclose                         
0     00001820  _fflush                         
0     00001b53  _finddevice                     
0     00001378  _fopen                          
0     00001b00  _fputc                          
0     0000147a  _fputs                          
0     00000eef  _free                           
0     0000108a  _free_memory                    
0     0000135a  _freopen                        
0     000019fc  _frexpl                         
0     00001ce1  _fseek                          
0     00001b6f  _getdevice                      
0     000013be  _ldexpl                         
0     000020bc  _lseek                          
0     00001dee  _ltoa                           
0     00001ca4  _main                           
0     00000f58  _malloc                         
0     00001068  _max_free                       
0     00002119  _memccpy                        
0     000020fa  _memchr                         
0     00001fae  _memcpy                         
0     00002126  _memset                         
0     00000f33  _minit                          
0     00001864  _open                           
1     0000c178  _parmbuf                        
0     0000203f  _pdcopy                         
0     0000203f  _ppcopy                         
0     00001d5c  _printf                         
0     00001b00  _putc                           
0     00001b4e  _putchar                        
0     00001517  _puts                           
0     00000fb6  _realloc                        
0     0000216f  _remove                         
0     00000bd9  _rsvd_ISR                       
0     000013be  _scalbnl                        
0     000016e5  _setvbuf                        
0     00002132  _strchr                         
0     0000213e  _strcmp                         
0     0000216a  _strcpy                         
0     00002162  _strlen                         
0     00001fcc  _strncpy                        
0     00002072  _unlink                         
0     0000208b  _write                          
abs   ffffffff  binit                           
0     00008000  cinit                           
0     00000000  code_start                      
0     00002175  etext                           
abs   ffffffff  pinit                           


GLOBAL SYMBOLS: SORTED BY Symbol Address 

page  address   name                            
----  -------   ----                            
0     00000000  .text                           
0     00000000  ___text__                       
0     00000000  __stack                         
0     00000000  code_start                      
0     00000300  __STACK_END                     
0     00000ab4  ___TI_printfi                   
0     00000bd9  _rsvd_ISR                       
0     00000be3  _XINT7_ISR                      
0     00000bed  _XINT6_ISR                      
0     00000bf7  _XINT5_ISR                      
0     00000c01  _XINT4_ISR                      
0     00000c0b  _XINT3_ISR                      
0     00000c15  _XINT2_ISR                      
0     00000c1f  _XINT1_ISR                      
0     00000c29  _WAKEINT_ISR                    
0     00000c33  _USER9_ISR                      
0     00000c3d  _USER8_ISR                      
0     00000c47  _USER7_ISR                      
0     00000c51  _USER6_ISR                      
0     00000c5b  _USER5_ISR                      
0     00000c65  _USER4_ISR                      
0     00000c6f  _USER3_ISR                      
0     00000c79  _USER2_ISR                      
0     00000c83  _USER1_ISR                      
0     00000c8d  _USER12_ISR                     
0     00000c97  _USER11_ISR                     
0     00000ca1  _USER10_ISR                     
0     00000cab  _TINT0_ISR                      
0     00000cb5  _SPITXINTA_ISR                  
0     00000cbf  _SPIRXINTA_ISR                  
0     00000cc9  _SEQ2INT_ISR                    
0     00000cd3  _SEQ1INT_ISR                    
0     00000cdd  _SCITXINTC_ISR                  
0     00000ce7  _SCITXINTB_ISR                  
0     00000cf1  _SCITXINTA_ISR                  
0     00000cfb  _SCIRXINTC_ISR                  
0     00000d05  _SCIRXINTB_ISR                  
0     00000d0f  _SCIRXINTA_ISR                  
0     00000d19  _RTOSINT_ISR                    
0     00000d23  _PIE_RESERVED                   
0     00000d2d  _NMI_ISR                        
0     00000d37  _MXINTB_ISR                     
0     00000d41  _MXINTA_ISR                     
0     00000d4b  _MRINTB_ISR                     
0     00000d55  _MRINTA_ISR                     
0     00000d5f  _LVF_ISR                        
0     00000d69  _LUF_ISR                        
0     00000d73  _INT14_ISR                      
0     00000d7d  _INT13_ISR                      
0     00000d87  _ILLEGAL_ISR                    
0     00000d91  _I2CINT2A_ISR                   
0     00000d9b  _I2CINT1A_ISR                   
0     00000da5  _EQEP2_INT_ISR                  
0     00000daf  _EQEP1_INT_ISR                  
0     00000db9  _EPWM6_TZINT_ISR                
0     00000dc3  _EPWM6_INT_ISR                  
0     00000dcd  _EPWM5_TZINT_ISR                
0     00000dd7  _EPWM5_INT_ISR                  
0     00000de1  _EPWM4_TZINT_ISR                
0     00000deb  _EPWM4_INT_ISR                  
0     00000df5  _EPWM3_TZINT_ISR                
0     00000dff  _EPWM3_INT_ISR                  
0     00000e09  _EPWM2_TZINT_ISR                
0     00000e13  _EPWM2_INT_ISR                  
0     00000e1d  _EPWM1_TZINT_ISR                
0     00000e27  _EPWM1_INT_ISR                  
0     00000e31  _EMUINT_ISR                     
0     00000e3b  _ECAP6_INT_ISR                  
0     00000e45  _ECAP5_INT_ISR                  
0     00000e4f  _ECAP4_INT_ISR                  
0     00000e59  _ECAP3_INT_ISR                  
0     00000e63  _ECAP2_INT_ISR                  
0     00000e6d  _ECAP1_INT_ISR                  
0     00000e77  _ECAN1INTB_ISR                  
0     00000e81  _ECAN1INTA_ISR                  
0     00000e8b  _ECAN0INTB_ISR                  
0     00000e95  _ECAN0INTA_ISR                  
0     00000e9f  _DINTCH6_ISR                    
0     00000ea9  _DINTCH5_ISR                    
0     00000eb3  _DINTCH4_ISR                    
0     00000ebd  _DINTCH3_ISR                    
0     00000ec7  _DINTCH2_ISR                    
0     00000ed1  _DINTCH1_ISR                    
0     00000edb  _DATALOG_ISR                    
0     00000ee5  _ADCINT_ISR                     
0     00000eef  _free                           
0     00000f33  _minit                          
0     00000f58  _malloc                         
0     00000fb6  _realloc                        
0     00001068  _max_free                       
0     0000108a  _free_memory                    
0     000010a8  _chkheap                        
0     000010aa  _calloc                         
0     000010c1  LL$$DIV                         
0     000010fd  LL$$MOD                         
0     00001137  ULL$$DIV                        
0     00001166  ULL$$MOD                        
0     000011c8  _ServiceDog                     
0     000011d2  _DisableDog                     
0     000011da  _InitPll                        
0     00001228  _InitPeripheralClocks           
0     0000128e  _InitSysCtrl                    
0     00001297  _CsmUnlock                      
0     0000133d  ___TI_cleanup                   
0     0000135a  _freopen                        
0     00001378  _fopen                          
0     000013be  _ldexpl                         
0     000013be  _scalbnl                        
0     0000147a  _fputs                          
0     00001517  _puts                           
0     0000152a  FD$$ADD                         
0     000015c6  ___TI_writemsg                  
0     00001619  C$$IO$$                         
0     0000161e  ___TI_readmsg                   
0     0000165a  FD$$DIV                         
0     000016e5  _setvbuf                        
0     0000176e  FD$$MPY                         
0     000017f1  ___TI_doflush                   
0     00001820  _fflush                         
0     00001864  _open                           
0     000018d5  ___TI_wrt_ok                    
0     00001910  ___TI_rd_ok                     
0     0000193c  _HOSTlseek                      
0     0000199d  ___TI_closefile                 
0     000019e1  _fclose                         
0     000019fc  _frexpl                         
0     00001a56  _c_int00                        
0     00001aac  _InitCpuTimers                  
0     00001adf  _ConfigCpuTimer                 
0     00001b00  _fputc                          
0     00001b00  _putc                           
0     00001b4e  _putchar                        
0     00001b53  _finddevice                     
0     00001b6f  _getdevice                      
0     00001ba1  _copy_in                        
0     00001be7  _HOSTopen                       
0     00001c27  _HOSTread                       
0     00001c66  _HOSTrename                     
0     00001ca4  _main                           
0     00001ce1  _fseek                          
0     00001d1e  _HOSTwrite                      
0     00001d5c  _printf                         
0     00001d8a  _close                          
0     00001dbd  _atoi                           
0     00001dee  _ltoa                           
0     00001e1c  FD$$CMP                         
0     00001e46  L$$DIV                          
0     00001e55  L$$MOD                          
0     00001e63  UL$$DIV                         
0     00001e6a  UL$$MOD                         
0     00001e70  C$$EXIT                         
0     00001e70  _abort                          
0     00001e72  _exit                           
0     00001e99  _HOSTclose                      
0     00001ec2  _InitPieCtrl                    
0     00001ee1  _EnableInterrupts               
0     00001eea  _HOSTunlink                     
0     00001f0e  _copysignl                      
0     00001f32  FD$$TOI                         
0     00001f53  FD$$TOL                         
0     00001f72  _cal_Timer_Prd                  
0     00001f90  LL$$CMP                         
0     00001fa2  ULL$$CMP                        
0     00001fae  _memcpy                         
0     00001fcc  _strncpy                        
0     00001fea  I$$TOFD                         
0     00002007  FS$$TOFD                        
0     00002023  L$$TOFD                         
0     0000203f  _ddcopy                         
0     0000203f  _dpcopy                         
0     0000203f  _pdcopy                         
0     0000203f  _ppcopy                         
0     00002059  __args_main                     
0     00002072  _unlink                         
0     0000208b  _write                          
0     000020a4  LL$$AND                         
0     000020ac  LL$$OR                          
0     000020b4  LL$$XOR                         
0     000020bc  _lseek                          
0     000020d4  _cpu_timer0_isr                 
0     000020e9  _InitPieVectTable               
0     000020fa  _memchr                         
0     0000210b  FD$$SUB                         
0     00002119  _memccpy                        
0     00002126  _memset                         
0     00002132  _strchr                         
0     0000213e  _strcmp                         
0     00002148  __register_unlock               
0     0000214c  __register_lock                 
0     00002150  __nop                           
0     00002151  FD$$NEG                         
0     00002162  _strlen                         
0     0000216a  _strcpy                         
0     0000216f  _remove                         
0     00002172  __system_pre_init               
0     00002174  __system_post_cinit             
0     00002175  ___etext__                      
0     00002175  etext                           
0     00008000  ___cinit__                      
0     00008000  cinit                           
0     00008088  _DSP28x_usDelay                 
0     00380080  _ADC_cal                        
1     00000400  __sys_memory                    
1     00000880  _DevEmuRegs                     
1     00000a80  _FlashRegs                      
1     00000ae0  _CsmRegs                        
1     00000b00  _AdcMirror                      
1     00000b20  _XintfRegs                      
1     00000c00  _CpuTimer0Regs                  
1     00000c08  _CpuTimer1Regs                  
1     00000c10  _CpuTimer2Regs                  
1     00000ce0  _PieCtrlRegs                    
1     00000d00  _PieVectTable                   
1     00001000  _DmaRegs                        
1     00005000  _McbspaRegs                     
1     00005040  _McbspbRegs                     
1     00006000  _ECanaRegs                      
1     00006040  _ECanaLAMRegs                   
1     00006080  _ECanaMOTSRegs                  
1     000060c0  _ECanaMOTORegs                  
1     00006100  _ECanaMboxes                    
1     00006200  _ECanbRegs                      
1     00006240  _ECanbLAMRegs                   
1     00006280  _ECanbMOTSRegs                  
1     000062c0  _ECanbMOTORegs                  
1     00006300  _ECanbMboxes                    
1     00006800  _EPwm1Regs                      
1     00006840  _EPwm2Regs                      
1     00006880  _EPwm3Regs                      
1     000068c0  _EPwm4Regs                      
1     00006900  _EPwm5Regs                      
1     00006940  _EPwm6Regs                      
1     00006a00  _ECap1Regs                      
1     00006a20  _ECap2Regs                      
1     00006a40  _ECap3Regs                      
1     00006a60  _ECap4Regs                      
1     00006a80  _ECap5Regs                      
1     00006aa0  _ECap6Regs                      
1     00006b00  _EQep1Regs                      
1     00006b40  _EQep2Regs                      
1     00006f80  _GpioCtrlRegs                   
1     00006fc0  _GpioDataRegs                   
1     00006fe0  _GpioIntRegs                    
1     00007010  _SysCtrlRegs                    
1     00007040  _SpiaRegs                       
1     00007050  _SciaRegs                       
1     00007070  _XIntruptRegs                   
1     00007100  _AdcRegs                        
1     00007750  _ScibRegs                       
1     00007770  _ScicRegs                       
1     00007900  _I2caRegs                       
1     0000c000  ___TI_ft_end                    
1     0000c040  __ftable                        
1     0000c0c0  ___TI_tmpnams                   
1     0000c160  _CpuTimer1                      
1     0000c168  _CpuTimer2                      
1     0000c170  _CpuTimer0                      
1     0000c178  _parmbuf                        
1     0000c180  __stream                        
1     0000c1c0  __device                        
1     0000c208  _Cpu_Clk                        
1     0000c20a  _Timer_Prd                      
1     0000c21c  ___TI_enable_exit_profile_output
1     0000c21e  ___TI_cleanup_ptr               
1     0000c220  ___TI_dtors_ptr                 
1     0000c222  __lock                          
1     0000c224  __unlock                        
1     0000c226  _errno                          
1     0000c240  __CIOBUF_                       
1     0000d000  __ctypes_                       
1     0000d102  _PieVectTableInit               
1     0033fff8  _CsmPwl                         
1     00380090  _PartIdRegs                     
abs   00000300  __STACK_SIZE                    
abs   00000400  __SYSMEM_SIZE                   
abs   ffffffff  ___TI_pprof_out_hndl            
abs   ffffffff  ___TI_prof_data_size            
abs   ffffffff  ___TI_prof_data_start           
abs   ffffffff  ___binit__                      
abs   ffffffff  ___c_args__                     
abs   ffffffff  ___pinit__                      
abs   ffffffff  binit                           
abs   ffffffff  pinit                           

[283 symbols]
